Archive member included to satisfy reference by file (symbol)

/usr/local/mcuxpressoide-11.5.1_7266/ide/plugins/com.nxp.mcuxpresso.tools.linux_11.5.1.202201181444/tools/bin/../lib/gcc/arm-none-eabi/10.3.1/../../../../arm-none-eabi/lib/thumb/v6-m/nofp/libcr_semihost_nf.a(_cr__main.o)
                              ./startup/startup_mkl46z4.o (__main)
/usr/local/mcuxpressoide-11.5.1_7266/ide/plugins/com.nxp.mcuxpresso.tools.linux_11.5.1.202201181444/tools/bin/../lib/gcc/arm-none-eabi/10.3.1/../../../../arm-none-eabi/lib/thumb/v6-m/nofp/libcr_semihost_nf.a(_cr_assert.o)
                              ./utilities/fsl_debug_console.o (__assertion_failed)
/usr/local/mcuxpressoide-11.5.1_7266/ide/plugins/com.nxp.mcuxpresso.tools.linux_11.5.1.202201181444/tools/bin/../lib/gcc/arm-none-eabi/10.3.1/../../../../arm-none-eabi/lib/thumb/v6-m/nofp/libcr_semihost_nf.a(__ciob.o)
                              /usr/local/mcuxpressoide-11.5.1_7266/ide/plugins/com.nxp.mcuxpresso.tools.linux_11.5.1.202201181444/tools/bin/../lib/gcc/arm-none-eabi/10.3.1/../../../../arm-none-eabi/lib/thumb/v6-m/nofp/libcr_semihost_nf.a(_cr_assert.o) (__Ciob)
/usr/local/mcuxpressoide-11.5.1_7266/ide/plugins/com.nxp.mcuxpresso.tools.linux_11.5.1.202201181444/tools/bin/../lib/gcc/arm-none-eabi/10.3.1/../../../../arm-none-eabi/lib/thumb/v6-m/nofp/libcr_semihost_nf.a(__sys_appexit.o)
                              /usr/local/mcuxpressoide-11.5.1_7266/ide/plugins/com.nxp.mcuxpresso.tools.linux_11.5.1.202201181444/tools/bin/../lib/gcc/arm-none-eabi/10.3.1/../../../../arm-none-eabi/lib/thumb/v6-m/nofp/libcr_semihost_nf.a(_cr_assert.o) (__sys_appexit)
/usr/local/mcuxpressoide-11.5.1_7266/ide/plugins/com.nxp.mcuxpresso.tools.linux_11.5.1.202201181444/tools/bin/../lib/gcc/arm-none-eabi/10.3.1/../../../../arm-none-eabi/lib/thumb/v6-m/nofp/libcr_c.a(memcpy.o)
                              ./source/kl46z_api/emb_util.o (memcpy)
/usr/local/mcuxpressoide-11.5.1_7266/ide/plugins/com.nxp.mcuxpresso.tools.linux_11.5.1.202201181444/tools/bin/../lib/gcc/arm-none-eabi/10.3.1/../../../../arm-none-eabi/lib/thumb/v6-m/nofp/libcr_c.a(memset.o)
                              ./drivers/fsl_ftfx_cache.o (memset)
/usr/local/mcuxpressoide-11.5.1_7266/ide/plugins/com.nxp.mcuxpresso.tools.linux_11.5.1.202201181444/tools/bin/../lib/gcc/arm-none-eabi/10.3.1/../../../../arm-none-eabi/lib/thumb/v6-m/nofp/libcr_c.a(_deferredlazyseek.o)
                              /usr/local/mcuxpressoide-11.5.1_7266/ide/plugins/com.nxp.mcuxpresso.tools.linux_11.5.1.202201181444/tools/bin/../lib/gcc/arm-none-eabi/10.3.1/../../../../arm-none-eabi/lib/thumb/v6-m/nofp/libcr_semihost_nf.a(_cr_assert.o) (__flsbuf)
/usr/local/mcuxpressoide-11.5.1_7266/ide/plugins/com.nxp.mcuxpresso.tools.linux_11.5.1.202201181444/tools/bin/../lib/gcc/arm-none-eabi/10.3.1/../../../../arm-none-eabi/lib/thumb/v6-m/nofp/libcr_c.a(_fflush.o)
                              /usr/local/mcuxpressoide-11.5.1_7266/ide/plugins/com.nxp.mcuxpresso.tools.linux_11.5.1.202201181444/tools/bin/../lib/gcc/arm-none-eabi/10.3.1/../../../../arm-none-eabi/lib/thumb/v6-m/nofp/libcr_c.a(_deferredlazyseek.o) (_fflush)
/usr/local/mcuxpressoide-11.5.1_7266/ide/plugins/com.nxp.mcuxpresso.tools.linux_11.5.1.202201181444/tools/bin/../lib/gcc/arm-none-eabi/10.3.1/../../../../arm-none-eabi/lib/thumb/v6-m/nofp/libcr_c.a(_writebuf.o)
                              /usr/local/mcuxpressoide-11.5.1_7266/ide/plugins/com.nxp.mcuxpresso.tools.linux_11.5.1.202201181444/tools/bin/../lib/gcc/arm-none-eabi/10.3.1/../../../../arm-none-eabi/lib/thumb/v6-m/nofp/libcr_c.a(_deferredlazyseek.o) (_Cwritebuf)
/usr/local/mcuxpressoide-11.5.1_7266/ide/plugins/com.nxp.mcuxpresso.tools.linux_11.5.1.202201181444/tools/bin/../lib/gcc/arm-none-eabi/10.3.1/../../../../arm-none-eabi/lib/thumb/v6-m/nofp/libcr_c.a(alloc.o)
                              ./drivers/fsl_common.o (malloc)
/usr/local/mcuxpressoide-11.5.1_7266/ide/plugins/com.nxp.mcuxpresso.tools.linux_11.5.1.202201181444/tools/bin/../lib/gcc/arm-none-eabi/10.3.1/../../../../arm-none-eabi/lib/thumb/v6-m/nofp/libcr_c.a(fputs.o)
                              /usr/local/mcuxpressoide-11.5.1_7266/ide/plugins/com.nxp.mcuxpresso.tools.linux_11.5.1.202201181444/tools/bin/../lib/gcc/arm-none-eabi/10.3.1/../../../../arm-none-eabi/lib/thumb/v6-m/nofp/libcr_semihost_nf.a(_cr_assert.o) (fputs)
/usr/local/mcuxpressoide-11.5.1_7266/ide/plugins/com.nxp.mcuxpresso.tools.linux_11.5.1.202201181444/tools/bin/../lib/gcc/arm-none-eabi/10.3.1/../../../../arm-none-eabi/lib/thumb/v6-m/nofp/libcr_c.a(fseek.o)
                              /usr/local/mcuxpressoide-11.5.1_7266/ide/plugins/com.nxp.mcuxpresso.tools.linux_11.5.1.202201181444/tools/bin/../lib/gcc/arm-none-eabi/10.3.1/../../../../arm-none-eabi/lib/thumb/v6-m/nofp/libcr_c.a(_deferredlazyseek.o) (fseek)
[...]
Memory Configuration

Name             Origin             Length             Attributes
PROGRAM_FLASH    0x0000000000000000 0x0000000000040000 xr
SRAM             0x000000001fffe000 0x0000000000008000 xrw
*default*        0x0000000000000000 0xffffffffffffffff

Linker script and memory map

LOAD ./utilities/fsl_debug_console.o
LOAD ./utilities/fsl_io.o
LOAD ./utilities/fsl_log.o
LOAD ./utilities/fsl_str.o
LOAD ./startup/startup_mkl46z4.o
LOAD ./source/kl46z_api/clock.o
LOAD ./source/kl46z_api/delay.o
LOAD ./source/kl46z_api/drivers.o
LOAD ./source/kl46z_api/emb_util.o
LOAD ./source/kl46z_api/gpio.o
LOAD ./source/kl46z_api/lcd.o
LOAD ./source/kl46z_api/port.o
LOAD ./source/main_baremetal.o
LOAD ./source/mtb.o
LOAD ./source/semihost_hardfault.o
LOAD ./freertos/portable/fsl_tickless_systick.o
LOAD ./drivers/fsl_adc16.o
LOAD ./drivers/fsl_clock.o
LOAD ./drivers/fsl_common.o
LOAD ./drivers/fsl_ftfx_cache.o
LOAD ./drivers/fsl_ftfx_controller.o
LOAD ./drivers/fsl_ftfx_flash.o
LOAD ./drivers/fsl_ftfx_flexnvm.o
LOAD ./drivers/fsl_gpio.o
LOAD ./drivers/fsl_i2c.o
LOAD ./drivers/fsl_lpsci.o
LOAD ./drivers/fsl_sim.o
LOAD ./drivers/fsl_smc.o
LOAD ./drivers/fsl_tpm.o
LOAD ./drivers/fsl_uart.o
LOAD ./board/board.o
LOAD ./board/clock_config.o
LOAD ./board/peripherals.o
LOAD ./board/pin_mux.o
LOAD ./amazon-freertos/portable/heap_4.o
LOAD ./amazon-freertos/FreeRTOS/portable/port.o
LOAD ./amazon-freertos/FreeRTOS/event_groups.o
LOAD ./amazon-freertos/FreeRTOS/list.o
LOAD ./amazon-freertos/FreeRTOS/queue.o
LOAD ./amazon-freertos/FreeRTOS/stream_buffer.o
LOAD ./amazon-freertos/FreeRTOS/tasks.o
LOAD ./amazon-freertos/FreeRTOS/timers.o
LOAD ./CMSIS/system_MKL46Z4.o
START GROUP
LOAD /usr/local/mcuxpressoide-11.5.1_7266/ide/plugins/com.nxp.mcuxpresso.tools.linux_11.5.1.202201181444/tools/bin/../lib/gcc/arm-none-eabi/10.3.1/../../../../arm-none-eabi/lib/thumb/v6-m/nofp/libcr_semihost_nf.a
LOAD /usr/local/mcuxpressoide-11.5.1_7266/ide/plugins/com.nxp.mcuxpresso.tools.linux_11.5.1.202201181444/tools/bin/../lib/gcc/arm-none-eabi/10.3.1/../../../../arm-none-eabi/lib/thumb/v6-m/nofp/libcr_c.a
LOAD /usr/local/mcuxpressoide-11.5.1_7266/ide/plugins/com.nxp.mcuxpresso.tools.linux_11.5.1.202201181444/tools/bin/../lib/gcc/arm-none-eabi/10.3.1/thumb/v6-m/nofp/libcr_eabihelpers.a
LOAD /usr/local/mcuxpressoide-11.5.1_7266/ide/plugins/com.nxp.mcuxpresso.tools.linux_11.5.1.202201181444/tools/bin/../lib/gcc/arm-none-eabi/10.3.1/thumb/v6-m/nofp/libgcc.a
END GROUP
                0x0000000000000000                __base_PROGRAM_FLASH = 0x0
                0x0000000000000000                __base_Flash = 0x0
                0x0000000000040000                __top_PROGRAM_FLASH = 0x40000
                0x0000000000040000                __top_Flash = 0x40000
                0x000000001fffe000                __base_SRAM = 0x1fffe000
                0x000000001fffe000                __base_RAM = 0x1fffe000
                0x0000000020006000                __top_SRAM = 0x20006000
                0x0000000020006000                __top_RAM = 0x20006000

.text           0x0000000000000000     0x2f30
 FILL mask 0xff
                0x0000000000000000                __vectors_start__ = ABSOLUTE (.)
 *(SORT_BY_ALIGNMENT(.isr_vector))
 .isr_vector    0x0000000000000000       0xc0 ./startup/startup_mkl46z4.o
                0x0000000000000000                __Vectors
                0x0000000000000000                g_pfnVectors
                0x00000000000000c0                . = ALIGN (0x4)
                0x00000000000000c0                __section_table_start = .
                0x00000000000000c0                __data_section_table = .
                0x00000000000000c0        0x4 LONG 0x2f30 LOADADDR (.data)
                0x00000000000000c4        0x4 LONG 0x1fffe080 ADDR (.data)
                0x00000000000000c8        0x4 LONG 0x34 SIZEOF (.data)
                0x00000000000000cc                __data_section_table_end = .
                0x00000000000000cc                __bss_section_table = .
                0x00000000000000cc        0x4 LONG 0x1fffe0b4 ADDR (.bss)
                0x00000000000000d0        0x4 LONG 0x1f4 SIZEOF (.bss)
                0x00000000000000d4                __bss_section_table_end = .
                0x00000000000000d4                __section_table_end = .
 *(SORT_BY_ALIGNMENT(.after_vectors*))
 .after_vectors.reset
                0x00000000000000d4       0x4c ./startup/startup_mkl46z4.o
                0x00000000000000d4                ResetISR
 .after_vectors.init_data
                0x0000000000000120       0x12 ./startup/startup_mkl46z4.o
                0x0000000000000120                data_init
 .after_vectors.init_bss
                0x0000000000000132       0x10 ./startup/startup_mkl46z4.o
                0x0000000000000132                bss_init
 .after_vectors
                0x0000000000000142      0x10c ./startup/startup_mkl46z4.o
                0x0000000000000142                NMI_Handler
                0x000000000000014c                PIT_DriverIRQHandler
                0x000000000000014c                DMA0_DriverIRQHandler
                0x000000000000014c                SPI1_DriverIRQHandler
                0x000000000000014c                LPTMR0_DriverIRQHandler
                0x000000000000014c                PORTC_PORTD_DriverIRQHandler
                0x000000000000014c                I2S0_DriverIRQHandler
                0x000000000000014c                TPM2_DriverIRQHandler
                0x000000000000014c                TSI0_DriverIRQHandler
                0x000000000000014c                RTC_Seconds_DriverIRQHandler
                0x000000000000014c                LLWU_DriverIRQHandler
                0x000000000000014c                MCG_DriverIRQHandler
                0x000000000000014c                FTFA_DriverIRQHandler
                0x000000000000014c                IntDefaultHandler
                0x000000000000014c                USB0_DriverIRQHandler
                0x000000000000014c                DAC0_DriverIRQHandler
                0x000000000000014c                LVD_LVW_DriverIRQHandler
                0x000000000000014c                TPM0_DriverIRQHandler
                0x000000000000014c                Reserved20_DriverIRQHandler
                0x000000000000014c                DMA3_DriverIRQHandler
                0x000000000000014c                PORTA_DriverIRQHandler
                0x000000000000014c                TPM1_DriverIRQHandler
                0x000000000000014c                RTC_DriverIRQHandler
                0x000000000000014c                LCD_DriverIRQHandler
                0x000000000000014c                DMA1_DriverIRQHandler
                0x000000000000014c                SPI0_DriverIRQHandler
                0x000000000000014c                ADC0_DriverIRQHandler
                0x000000000000014c                CMP0_DriverIRQHandler
                0x000000000000014c                DMA2_DriverIRQHandler
                0x000000000000014e                DMA0_IRQHandler
                0x0000000000000156                DMA1_IRQHandler
                0x000000000000015e                DMA2_IRQHandler
                0x0000000000000166                DMA3_IRQHandler
                0x000000000000016e                Reserved20_IRQHandler
                0x0000000000000176                FTFA_IRQHandler
                0x000000000000017e                LVD_LVW_IRQHandler
                0x0000000000000186                LLWU_IRQHandler
                0x000000000000018e                I2C0_IRQHandler
                0x0000000000000196                I2C1_IRQHandler
                0x000000000000019e                SPI0_IRQHandler
                0x00000000000001a6                SPI1_IRQHandler
                0x00000000000001ae                UART0_IRQHandler
                0x00000000000001b6                UART1_IRQHandler
                0x00000000000001be                UART2_IRQHandler
                0x00000000000001c6                ADC0_IRQHandler
                0x00000000000001ce                CMP0_IRQHandler
                0x00000000000001d6                TPM0_IRQHandler
                0x00000000000001de                TPM1_IRQHandler
                0x00000000000001e6                TPM2_IRQHandler
                0x00000000000001ee                RTC_IRQHandler
                0x00000000000001f6                RTC_Seconds_IRQHandler
                0x00000000000001fe                PIT_IRQHandler
                0x0000000000000206                I2S0_IRQHandler
                0x000000000000020e                USB0_IRQHandler
                0x0000000000000216                DAC0_IRQHandler
                0x000000000000021e                TSI0_IRQHandler
                0x0000000000000226                MCG_IRQHandler
                0x000000000000022e                LPTMR0_IRQHandler
                0x0000000000000236                LCD_IRQHandler
                0x000000000000023e                PORTA_IRQHandler
                0x0000000000000246                PORTC_PORTD_IRQHandler
                0x0000000000000400                . = 0x400
 *fill*         0x000000000000024e      0x1b2 ff
                0x0000000000000400                PROVIDE (__FLASH_CONFIG_START__ = .)
 *(SORT_BY_ALIGNMENT(.FlashConfig))
 .FlashConfig   0x0000000000000400       0x10 ./startup/startup_mkl46z4.o
                0x0000000000000400                Flash_Config
                0x0000000000000410                PROVIDE (__FLASH_CONFIG_END__ = .)
                0x0000000000000001                ASSERT (! ((__FLASH_CONFIG_START__ == __FLASH_CONFIG_END__)), Linker Flash Config Support Enabled, but no .FlashConfig section provided within application)
 *(SORT_BY_ALIGNMENT(.text*))
 .text.PendSV_Handler
                0x0000000000000410       0x48 ./amazon-freertos/FreeRTOS/portable/port.o
                0x0000000000000410                PendSV_Handler
 .text.clkEnablePeripheralClock
                0x0000000000000458       0x68 ./source/kl46z_api/clock.o
                0x0000000000000458                clkEnablePeripheralClock
 .text.Delay_Init
                0x00000000000004c0       0x50 ./source/kl46z_api/delay.o
                0x00000000000004c0                Delay_Init
 .text.Delay_WaitCycles
                0x0000000000000510       0x78 ./source/kl46z_api/delay.o
                0x0000000000000510                Delay_WaitCycles
 .text.Delay_Waitms
                0x0000000000000588       0x38 ./source/kl46z_api/delay.o
                0x0000000000000588                Delay_Waitms
 .text.drvLedInit
                0x00000000000005c0       0x54 ./source/kl46z_api/drivers.o
                0x00000000000005c0                drvLedInit
 .text.drvButtonInit
                0x0000000000000614       0x50 ./source/kl46z_api/drivers.o
                0x0000000000000614                drvButtonInit
 .text.drvLedSet
                0x0000000000000664       0x74 ./source/kl46z_api/drivers.o
                0x0000000000000664                drvLedSet
 .text.gpioPinInit
                0x00000000000006d8       0x90 ./source/kl46z_api/gpio.o
                0x00000000000006d8                gpioPinInit
 .text.gpioPinWrite
                0x0000000000000768       0x7c ./source/kl46z_api/gpio.o
                0x0000000000000768                gpioPinWrite
 .text.gpioPinToggle
                0x00000000000007e4       0x50 ./source/kl46z_api/gpio.o
                0x00000000000007e4                gpioPinToggle
 .text.CreateObject
                0x0000000000000834       0x88 ./source/kl46z_api/lcd.o
 .text.EnablePulse
                0x00000000000008bc       0x60 ./source/kl46z_api/lcd.o
 .text.LCD_Init
                0x000000000000091c      0x14c ./source/kl46z_api/lcd.o
                0x000000000000091c                LCD_Init
 .text.LCD_Clear
                0x0000000000000a68       0x3c ./source/kl46z_api/lcd.o
                0x0000000000000a68                LCD_Clear
 .text.portSetMuxGpio
                0x0000000000000aa4       0x7c ./source/kl46z_api/port.o
                0x0000000000000aa4                portSetMuxGpio
 .text.portConfigPullup
                0x0000000000000b20       0x78 ./source/kl46z_api/port.o
                0x0000000000000b20                portConfigPullup
 .text.lcdInitModule
                0x0000000000000b98      0x15c ./source/main_baremetal.o
                0x0000000000000b98                lcdInitModule
 .text.lcdDisplayBootScreen
                0x0000000000000cf4       0x64 ./source/main_baremetal.o
                0x0000000000000cf4                lcdDisplayBootScreen
 .text.lcdDisplayHumidity
                0x0000000000000d58       0xc0 ./source/main_baremetal.o
                0x0000000000000d58                lcdDisplayHumidity
 .text.lcdDisplayTemperature
                0x0000000000000e18       0xc0 ./source/main_baremetal.o
                0x0000000000000e18                lcdDisplayTemperature
 .text.adcInitModule
                0x0000000000000ed8       0x70 ./source/main_baremetal.o
                0x0000000000000ed8                adcInitModule
 .text.adcReadInput
                0x0000000000000f48       0x30 ./source/main_baremetal.o
                0x0000000000000f48                adcReadInput
 .text.HardFault_Handler
                0x0000000000000f78       0x30 ./source/semihost_hardfault.o
                0x0000000000000f78                HardFault_Handler
 .text.CLOCK_GetMcgExtClkFreq
                0x0000000000000fa8       0x28 ./drivers/fsl_clock.o
 .text.CLOCK_GetFllExtRefClkFreq
                0x0000000000000fd0       0xa8 ./drivers/fsl_clock.o
 .text.CLOCK_GetInternalRefClkSelectFreq
                0x0000000000001078       0x40 ./drivers/fsl_clock.o
 .text.CLOCK_GetFllRefClkFreq
                0x00000000000010b8       0x2c ./drivers/fsl_clock.o
 .text.CLOCK_GetCoreSysClkFreq
                0x00000000000010e4       0x2c ./drivers/fsl_clock.o
                0x00000000000010e4                CLOCK_GetCoreSysClkFreq
 .text.CLOCK_GetOutClkFreq
                0x0000000000001110       0x78 ./drivers/fsl_clock.o
                0x0000000000001110                CLOCK_GetOutClkFreq
 .text.CLOCK_GetFllFreq
                0x0000000000001188       0x84 ./drivers/fsl_clock.o
                0x0000000000001188                CLOCK_GetFllFreq
 .text.CLOCK_GetPll0Freq
                0x000000000000120c       0x70 ./drivers/fsl_clock.o
                0x000000000000120c                CLOCK_GetPll0Freq
 .text.I2C_TransferCommonIRQHandler
                0x000000000000127c       0x58 ./drivers/fsl_i2c.o
 .text.I2C0_DriverIRQHandler
                0x00000000000012d4       0x20 ./drivers/fsl_i2c.o
                0x00000000000012d4                I2C0_DriverIRQHandler
 .text.I2C1_DriverIRQHandler
                0x00000000000012f4       0x20 ./drivers/fsl_i2c.o
                0x00000000000012f4                I2C1_DriverIRQHandler
 .text.UART0_DriverIRQHandler
                0x0000000000001314       0x24 ./drivers/fsl_lpsci.o
                0x0000000000001314                UART0_DriverIRQHandler
 .text.UART1_DriverIRQHandler
                0x0000000000001338       0x24 ./drivers/fsl_uart.o
                0x0000000000001338                UART1_DriverIRQHandler
 .text.UART2_DriverIRQHandler
                0x000000000000135c       0x24 ./drivers/fsl_uart.o
                0x000000000000135c                UART2_DriverIRQHandler
 .text.vPortYield
                0x0000000000001380       0x20 ./amazon-freertos/FreeRTOS/portable/port.o
                0x0000000000001380                vPortYield
 .text.vPortEnterCritical
                0x00000000000013a0       0x24 ./amazon-freertos/FreeRTOS/portable/port.o
                0x00000000000013a0                vPortEnterCritical
 .text.vPortExitCritical
                0x00000000000013c4       0x30 ./amazon-freertos/FreeRTOS/portable/port.o
                0x00000000000013c4                vPortExitCritical
 .text.SysTick_Handler
                0x00000000000013f4       0x34 ./amazon-freertos/FreeRTOS/portable/port.o
                0x00000000000013f4                SysTick_Handler
 .text.xTaskIncrementTick
                0x0000000000001428      0x14c ./amazon-freertos/FreeRTOS/tasks.o
                0x0000000000001428                xTaskIncrementTick
 .text.vTaskSwitchContext
                0x0000000000001574       0xa4 ./amazon-freertos/FreeRTOS/tasks.o
                0x0000000000001574                vTaskSwitchContext
 .text.prvResetNextTaskUnblockTime
                0x0000000000001618       0x48 ./amazon-freertos/FreeRTOS/tasks.o
 .text.xTaskGenericNotify
                0x0000000000001660      0x118 ./amazon-freertos/FreeRTOS/tasks.o
                0x0000000000001660                xTaskGenericNotify
 .text.xTaskGenericNotifyFromISR
                0x0000000000001778      0x154 ./amazon-freertos/FreeRTOS/tasks.o
                0x0000000000001778                xTaskGenericNotifyFromISR
 .text.SystemInit
                0x00000000000018cc       0x1c ./CMSIS/system_MKL46Z4.o
                0x00000000000018cc                SystemInit
 .text.__assertion_failed
                0x00000000000018e8       0x4c /usr/local/mcuxpressoide-11.5.1_7266/ide/plugins/com.nxp.mcuxpresso.tools.linux_11.5.1.202201181444/tools/bin/../lib/gcc/arm-none-eabi/10.3.1/../../../../arm-none-eabi/lib/thumb/v6-m/nofp/libcr_semihost_nf.a(_cr_assert.o)
                0x00000000000018e8                __assertion_failed
 .text.__sys_appexit
                0x0000000000001934        0xc /usr/local/mcuxpressoide-11.5.1_7266/ide/plugins/com.nxp.mcuxpresso.tools.linux_11.5.1.202201181444/tools/bin/../lib/gcc/arm-none-eabi/10.3.1/../../../../arm-none-eabi/lib/thumb/v6-m/nofp/libcr_semihost_nf.a(__sys_appexit.o)
                0x0000000000001934                __exit
                0x0000000000001934                __sys_appexit
 .text._deferredlazyseek
                0x0000000000001940       0x40 /usr/local/mcuxpressoide-11.5.1_7266/ide/plugins/com.nxp.mcuxpresso.tools.linux_11.5.1.202201181444/tools/bin/../lib/gcc/arm-none-eabi/10.3.1/../../../../arm-none-eabi/lib/thumb/v6-m/nofp/libcr_c.a(_deferredlazyseek.o)
                0x0000000000001940                _deferredlazyseek
 .text.__flsbuf
                0x0000000000001980      0x150 /usr/local/mcuxpressoide-11.5.1_7266/ide/plugins/com.nxp.mcuxpresso.tools.linux_11.5.1.202201181444/tools/bin/../lib/gcc/arm-none-eabi/10.3.1/../../../../arm-none-eabi/lib/thumb/v6-m/nofp/libcr_c.a(_deferredlazyseek.o)
                0x0000000000001980                __flsbuf
 .text._fflush  0x0000000000001ad0       0x60 /usr/local/mcuxpressoide-11.5.1_7266/ide/plugins/com.nxp.mcuxpresso.tools.linux_11.5.1.202201181444/tools/bin/../lib/gcc/arm-none-eabi/10.3.1/../../../../arm-none-eabi/lib/thumb/v6-m/nofp/libcr_c.a(_fflush.o)
                0x0000000000001ad0                _fflush
 .text._Cwritebuf
                0x0000000000001b30       0x68 /usr/local/mcuxpressoide-11.5.1_7266/ide/plugins/com.nxp.mcuxpresso.tools.linux_11.5.1.202201181444/tools/bin/../lib/gcc/arm-none-eabi/10.3.1/../../../../arm-none-eabi/lib/thumb/v6-m/nofp/libcr_c.a(_writebuf.o)
                0x0000000000001b30                _Cwritebuf
 .text.malloc   0x0000000000001b98       0xcc /usr/local/mcuxpressoide-11.5.1_7266/ide/plugins/com.nxp.mcuxpresso.tools.linux_11.5.1.202201181444/tools/bin/../lib/gcc/arm-none-eabi/10.3.1/../../../../arm-none-eabi/lib/thumb/v6-m/nofp/libcr_c.a(alloc.o)
                0x0000000000001b98                malloc
 .text._Csys_alloc
                0x0000000000001c64       0x20 /usr/local/mcuxpressoide-11.5.1_7266/ide/plugins/com.nxp.mcuxpresso.tools.linux_11.5.1.202201181444/tools/bin/../lib/gcc/arm-none-eabi/10.3.1/../../../../arm-none-eabi/lib/thumb/v6-m/nofp/libcr_c.a(alloc.o)
                0x0000000000001c64                _Csys_alloc
 .text.fseek    0x0000000000001c84       0xf0 /usr/local/mcuxpressoide-11.5.1_7266/ide/plugins/com.nxp.mcuxpresso.tools.linux_11.5.1.202201181444/tools/bin/../lib/gcc/arm-none-eabi/10.3.1/../../../../arm-none-eabi/lib/thumb/v6-m/nofp/libcr_c.a(fseek.o)
                0x0000000000001c84                fseek
 .text.ftell    0x0000000000001d74       0x48 /usr/local/mcuxpressoide-11.5.1_7266/ide/plugins/com.nxp.mcuxpresso.tools.linux_11.5.1.202201181444/tools/bin/../lib/gcc/arm-none-eabi/10.3.1/../../../../arm-none-eabi/lib/thumb/v6-m/nofp/libcr_c.a(ftell.o)
                0x0000000000001d74                ftell
 .text._initio  0x0000000000001dbc       0x7c /usr/local/mcuxpressoide-11.5.1_7266/ide/plugins/com.nxp.mcuxpresso.tools.linux_11.5.1.202201181444/tools/bin/../lib/gcc/arm-none-eabi/10.3.1/../../../../arm-none-eabi/lib/thumb/v6-m/nofp/libcr_c.a(initio.o)
                0x0000000000001dbc                _initio
 .text.itoa     0x0000000000001e38       0x60 /usr/local/mcuxpressoide-11.5.1_7266/ide/plugins/com.nxp.mcuxpresso.tools.linux_11.5.1.202201181444/tools/bin/../lib/gcc/arm-none-eabi/10.3.1/../../../../arm-none-eabi/lib/thumb/v6-m/nofp/libcr_c.a(itoa.o)
                0x0000000000001e38                itoa
 .text.setvbuf  0x0000000000001e98       0x4c /usr/local/mcuxpressoide-11.5.1_7266/ide/plugins/com.nxp.mcuxpresso.tools.linux_11.5.1.202201181444/tools/bin/../lib/gcc/arm-none-eabi/10.3.1/../../../../arm-none-eabi/lib/thumb/v6-m/nofp/libcr_c.a(setvbuf.o)
                0x0000000000001e98                setvbuf
 .text.strlen   0x0000000000001ee4       0x58 /usr/local/mcuxpressoide-11.5.1_7266/ide/plugins/com.nxp.mcuxpresso.tools.linux_11.5.1.202201181444/tools/bin/../lib/gcc/arm-none-eabi/10.3.1/../../../../arm-none-eabi/lib/thumb/v6-m/nofp/libcr_c.a(strlen.o)
                0x0000000000001ee4                strlen
 .text._sbrk    0x0000000000001f3c       0x44 /usr/local/mcuxpressoide-11.5.1_7266/ide/plugins/com.nxp.mcuxpresso.tools.linux_11.5.1.202201181444/tools/bin/../lib/gcc/arm-none-eabi/10.3.1/../../../../arm-none-eabi/lib/thumb/v6-m/nofp/libcr_c.a(_cr_sbrk.o)
                0x0000000000001f3c                _sbrk
 .text._fdopen  0x0000000000001f80       0x74 /usr/local/mcuxpressoide-11.5.1_7266/ide/plugins/com.nxp.mcuxpresso.tools.linux_11.5.1.202201181444/tools/bin/../lib/gcc/arm-none-eabi/10.3.1/../../../../arm-none-eabi/lib/thumb/v6-m/nofp/libcr_c.a(_fdopen.o)
                0x0000000000001f80                _fdopen
 .text.fclose   0x0000000000001ff4       0x5c /usr/local/mcuxpressoide-11.5.1_7266/ide/plugins/com.nxp.mcuxpresso.tools.linux_11.5.1.202201181444/tools/bin/../lib/gcc/arm-none-eabi/10.3.1/../../../../arm-none-eabi/lib/thumb/v6-m/nofp/libcr_c.a(fclose.o)
                0x0000000000001ff4                fclose
 .text.fflush   0x0000000000002050       0x44 /usr/local/mcuxpressoide-11.5.1_7266/ide/plugins/com.nxp.mcuxpresso.tools.linux_11.5.1.202201181444/tools/bin/../lib/gcc/arm-none-eabi/10.3.1/../../../../arm-none-eabi/lib/thumb/v6-m/nofp/libcr_c.a(fflush.o)
                0x0000000000002050                fflush
 .text.__check_heap_overflow
                0x0000000000002094       0x18 /usr/local/mcuxpressoide-11.5.1_7266/ide/plugins/com.nxp.mcuxpresso.tools.linux_11.5.1.202201181444/tools/bin/../lib/gcc/arm-none-eabi/10.3.1/../../../../arm-none-eabi/lib/thumb/v6-m/nofp/libcr_c.a(_cr_check_heap.o)
                0x0000000000002094                __check_heap_overflow
 .text._do_fflush
                0x00000000000020ac       0x48 /usr/local/mcuxpressoide-11.5.1_7266/ide/plugins/com.nxp.mcuxpresso.tools.linux_11.5.1.202201181444/tools/bin/../lib/gcc/arm-none-eabi/10.3.1/../../../../arm-none-eabi/lib/thumb/v6-m/nofp/libcr_c.a(_do_fflush.o)
                0x00000000000020ac                _do_fflush
 .text.__aeabi_dmul
                0x00000000000020f4      0x184 /usr/local/mcuxpressoide-11.5.1_7266/ide/plugins/com.nxp.mcuxpresso.tools.linux_11.5.1.202201181444/tools/bin/../lib/gcc/arm-none-eabi/10.3.1/thumb/v6-m/nofp/libcr_eabihelpers.a(double.o)
                0x00000000000020f4                __aeabi_dmul
 .text.__aeabi_ddiv
                0x0000000000002278      0x14c /usr/local/mcuxpressoide-11.5.1_7266/ide/plugins/com.nxp.mcuxpresso.tools.linux_11.5.1.202201181444/tools/bin/../lib/gcc/arm-none-eabi/10.3.1/thumb/v6-m/nofp/libcr_eabihelpers.a(double.o)
                0x0000000000002278                __aeabi_ddiv
 .text.__aeabi_dsub
                0x00000000000023c4      0x1c0 /usr/local/mcuxpressoide-11.5.1_7266/ide/plugins/com.nxp.mcuxpresso.tools.linux_11.5.1.202201181444/tools/bin/../lib/gcc/arm-none-eabi/10.3.1/thumb/v6-m/nofp/libcr_eabihelpers.a(double.o)
                0x00000000000023c4                __aeabi_dsub
 .text.__aeabi_dadd
                0x0000000000002584      0x134 /usr/local/mcuxpressoide-11.5.1_7266/ide/plugins/com.nxp.mcuxpresso.tools.linux_11.5.1.202201181444/tools/bin/../lib/gcc/arm-none-eabi/10.3.1/thumb/v6-m/nofp/libcr_eabihelpers.a(double.o)
                0x0000000000002584                __aeabi_dadd
 .text.__aeabi_d2iz
                0x00000000000026b8       0x50 /usr/local/mcuxpressoide-11.5.1_7266/ide/plugins/com.nxp.mcuxpresso.tools.linux_11.5.1.202201181444/tools/bin/../lib/gcc/arm-none-eabi/10.3.1/thumb/v6-m/nofp/libcr_eabihelpers.a(double.o)
                0x00000000000026b8                __aeabi_d2iz
 .text.clkEnableClock
                0x0000000000002708       0x14 ./source/kl46z_api/clock.o
                0x0000000000002708                clkEnableClock
 .text.clkSetMainClock
                0x000000000000271c       0x14 ./source/kl46z_api/clock.o
                0x000000000000271c                clkSetMainClock
 .text.Wait10Cycles
                0x0000000000002730        0xa ./source/kl46z_api/delay.o
                0x0000000000002730                Wait10Cycles
 .text.Wait100Cycles
                0x000000000000273a       0x26 ./source/kl46z_api/delay.o
                0x000000000000273a                Wait100Cycles
 .text.drvCpuClockInit
                0x0000000000002760       0x16 ./source/kl46z_api/drivers.o
                0x0000000000002760                drvCpuClockInit
 .text.LCD_CreateConfig
                0x0000000000002776       0x12 ./source/kl46z_api/lcd.o
                0x0000000000002776                LCD_CreateConfig
 .text.SetRowOffsets
                0x0000000000002788       0x34 ./source/kl46z_api/lcd.o
 .text.LCD_SetCursor
                0x00000000000027bc       0x86 ./source/kl46z_api/lcd.o
                0x00000000000027bc                LCD_SetCursor
 .text.LCD_Display
                0x0000000000002842       0x3e ./source/kl46z_api/lcd.o
                0x0000000000002842                LCD_Display
 .text.LCD_CreateChar
                0x0000000000002880       0x70 ./source/kl46z_api/lcd.o
                0x0000000000002880                LCD_CreateChar
 .text.LCD_WriteString
                0x00000000000028f0       0x38 ./source/kl46z_api/lcd.o
                0x00000000000028f0                LCD_WriteString
 .text.LCD_Command
                0x0000000000002928       0x48 ./source/kl46z_api/lcd.o
                0x0000000000002928                LCD_Command
 .text.LCD_Write
                0x0000000000002970       0x48 ./source/kl46z_api/lcd.o
                0x0000000000002970                LCD_Write
 .text.WriteBits
                0x00000000000029b8       0x8c ./source/kl46z_api/lcd.o
 .text.portPinNumberValidate
                0x0000000000002a44       0x16 ./source/kl46z_api/port.o
                0x0000000000002a44                portPinNumberValidate
 .text.portPortValidate
                0x0000000000002a5a       0x16 ./source/kl46z_api/port.o
                0x0000000000002a5a                portPortValidate
 .text.portPinValidate
                0x0000000000002a70       0x3a ./source/kl46z_api/port.o
                0x0000000000002a70                portPinValidate
 .text.portInitPort
                0x0000000000002aaa       0x3c ./source/kl46z_api/port.o
                0x0000000000002aaa                portInitPort
 .text.main     0x0000000000002ae6       0x36 ./source/main_baremetal.o
                0x0000000000002ae6                main
 .text.drvLedOk
                0x0000000000002b1c       0x1a ./source/main_baremetal.o
                0x0000000000002b1c                drvLedOk
 .text.CLOCK_GetPll0RefFreq
                0x0000000000002b36       0x10 ./drivers/fsl_clock.o
 .text.SVC_Handler
                0x0000000000002b46        0xa ./amazon-freertos/FreeRTOS/portable/port.o
                0x0000000000002b46                SVC_Handler
 .text.ulSetInterruptMaskFromISR
                0x0000000000002b50        0xc ./amazon-freertos/FreeRTOS/portable/port.o
                0x0000000000002b50                ulSetInterruptMaskFromISR
 .text.vClearInterruptMaskFromISR
                0x0000000000002b5c        0x8 ./amazon-freertos/FreeRTOS/portable/port.o
                0x0000000000002b5c                vClearInterruptMaskFromISR
 .text.vListInsertEnd
                0x0000000000002b64       0x44 ./amazon-freertos/FreeRTOS/list.o
                0x0000000000002b64                vListInsertEnd
 .text.uxListRemove
                0x0000000000002ba8       0x50 ./amazon-freertos/FreeRTOS/list.o
                0x0000000000002ba8                uxListRemove
 .text.SystemInitHook
                0x0000000000002bf8        0xa ./CMSIS/system_MKL46Z4.o
                0x0000000000002bf8                SystemInitHook
 .text.__main   0x0000000000002c02        0xc /usr/local/mcuxpressoide-11.5.1_7266/ide/plugins/com.nxp.mcuxpresso.tools.linux_11.5.1.202201181444/tools/bin/../lib/gcc/arm-none-eabi/10.3.1/../../../../arm-none-eabi/lib/thumb/v6-m/nofp/libcr_semihost_nf.a(_cr__main.o)
                0x0000000000002c02                __main
                0x0000000000002c02                __CR_SEMIHOST
 .text.memset   0x0000000000002c0e        0x8 /usr/local/mcuxpressoide-11.5.1_7266/ide/plugins/com.nxp.mcuxpresso.tools.linux_11.5.1.202201181444/tools/bin/../lib/gcc/arm-none-eabi/10.3.1/../../../../arm-none-eabi/lib/thumb/v6-m/nofp/libcr_c.a(memset.o)
                0x0000000000002c0e                memset
 .text.free     0x0000000000002c16       0x2c /usr/local/mcuxpressoide-11.5.1_7266/ide/plugins/com.nxp.mcuxpresso.tools.linux_11.5.1.202201181444/tools/bin/../lib/gcc/arm-none-eabi/10.3.1/../../../../arm-none-eabi/lib/thumb/v6-m/nofp/libcr_c.a(alloc.o)
                0x0000000000002c16                free
 .text.fputs    0x0000000000002c42       0x2e /usr/local/mcuxpressoide-11.5.1_7266/ide/plugins/com.nxp.mcuxpresso.tools.linux_11.5.1.202201181444/tools/bin/../lib/gcc/arm-none-eabi/10.3.1/../../../../arm-none-eabi/lib/thumb/v6-m/nofp/libcr_c.a(fputs.o)
                0x0000000000002c42                fputs
 .text.remove   0x0000000000002c70       0x12 /usr/local/mcuxpressoide-11.5.1_7266/ide/plugins/com.nxp.mcuxpresso.tools.linux_11.5.1.202201181444/tools/bin/../lib/gcc/arm-none-eabi/10.3.1/../../../../arm-none-eabi/lib/thumb/v6-m/nofp/libcr_c.a(remove.o)
                0x0000000000002c70                remove
 .text.__aeabi_division_idivmod
                0x0000000000002c82       0x78 /usr/local/mcuxpressoide-11.5.1_7266/ide/plugins/com.nxp.mcuxpresso.tools.linux_11.5.1.202201181444/tools/bin/../lib/gcc/arm-none-eabi/10.3.1/thumb/v6-m/nofp/libcr_eabihelpers.a(division_32.o)
                0x0000000000002c82                __aeabi_idiv
                0x0000000000002c82                __aeabi_idivmod
                0x0000000000002c88                __aeabi_uidiv
                0x0000000000002c88                __aeabi_uidivmod
 .text.__aeabi_division_idiv0
                0x0000000000002cfa        0x2 /usr/local/mcuxpressoide-11.5.1_7266/ide/plugins/com.nxp.mcuxpresso.tools.linux_11.5.1.202201181444/tools/bin/../lib/gcc/arm-none-eabi/10.3.1/thumb/v6-m/nofp/libcr_eabihelpers.a(division_idiv0.o)
                0x0000000000002cfa                __aeabi_idiv0
 .text.__bhs_ui2d
                0x0000000000002cfc       0x5e /usr/local/mcuxpressoide-11.5.1_7266/ide/plugins/com.nxp.mcuxpresso.tools.linux_11.5.1.202201181444/tools/bin/../lib/gcc/arm-none-eabi/10.3.1/thumb/v6-m/nofp/libcr_eabihelpers.a(double.o)
                0x0000000000002cfc                __bhs_ui2d
 .text.__aeabi_i2d
                0x0000000000002d5a       0x18 /usr/local/mcuxpressoide-11.5.1_7266/ide/plugins/com.nxp.mcuxpresso.tools.linux_11.5.1.202201181444/tools/bin/../lib/gcc/arm-none-eabi/10.3.1/thumb/v6-m/nofp/libcr_eabihelpers.a(double.o)
                0x0000000000002d5a                __aeabi_i2d
 .text.__aeabi_llong_lmul
                0x0000000000002d72       0x2e /usr/local/mcuxpressoide-11.5.1_7266/ide/plugins/com.nxp.mcuxpresso.tools.linux_11.5.1.202201181444/tools/bin/../lib/gcc/arm-none-eabi/10.3.1/thumb/v6-m/nofp/libcr_eabihelpers.a(llong.o)
                0x0000000000002d72                __aeabi_lmul
 .text.__aeabi_memset_lowlevel
                0x0000000000002da0       0x2a /usr/local/mcuxpressoide-11.5.1_7266/ide/plugins/com.nxp.mcuxpresso.tools.linux_11.5.1.202201181444/tools/bin/../lib/gcc/arm-none-eabi/10.3.1/thumb/v6-m/nofp/libcr_eabihelpers.a(memcpy.o)
                0x0000000000002da0                __aeabi_lowlevel_memset
 .text.__sys_close
                0x0000000000002dca        0xc /usr/local/mcuxpressoide-11.5.1_7266/ide/plugins/com.nxp.mcuxpresso.tools.linux_11.5.1.202201181444/tools/bin/../lib/gcc/arm-none-eabi/10.3.1/../../../../arm-none-eabi/lib/thumb/v6-m/nofp/libcr_semihost_nf.a(__sys_close.o)
                0x0000000000002dca                __sys_close
 .text.__sys_flen
                0x0000000000002dd6        0xc /usr/local/mcuxpressoide-11.5.1_7266/ide/plugins/com.nxp.mcuxpresso.tools.linux_11.5.1.202201181444/tools/bin/../lib/gcc/arm-none-eabi/10.3.1/../../../../arm-none-eabi/lib/thumb/v6-m/nofp/libcr_semihost_nf.a(__sys_flen.o)
                0x0000000000002dd6                __sys_flen
 .text.__sys_istty
                0x0000000000002de2        0xc /usr/local/mcuxpressoide-11.5.1_7266/ide/plugins/com.nxp.mcuxpresso.tools.linux_11.5.1.202201181444/tools/bin/../lib/gcc/arm-none-eabi/10.3.1/../../../../arm-none-eabi/lib/thumb/v6-m/nofp/libcr_semihost_nf.a(__sys_istty.o)
                0x0000000000002de2                __sys_istty
 .text.__sys_remove
                0x0000000000002dee        0xc /usr/local/mcuxpressoide-11.5.1_7266/ide/plugins/com.nxp.mcuxpresso.tools.linux_11.5.1.202201181444/tools/bin/../lib/gcc/arm-none-eabi/10.3.1/../../../../arm-none-eabi/lib/thumb/v6-m/nofp/libcr_semihost_nf.a(__sys_remove.o)
                0x0000000000002dee                __sys_remove
 .text.__sys_seek
                0x0000000000002dfa        0xc /usr/local/mcuxpressoide-11.5.1_7266/ide/plugins/com.nxp.mcuxpresso.tools.linux_11.5.1.202201181444/tools/bin/../lib/gcc/arm-none-eabi/10.3.1/../../../../arm-none-eabi/lib/thumb/v6-m/nofp/libcr_semihost_nf.a(__sys_seek.o)
                0x0000000000002dfa                __sys_seek
 .text.__sys_tmpnam
                0x0000000000002e06        0xc /usr/local/mcuxpressoide-11.5.1_7266/ide/plugins/com.nxp.mcuxpresso.tools.linux_11.5.1.202201181444/tools/bin/../lib/gcc/arm-none-eabi/10.3.1/../../../../arm-none-eabi/lib/thumb/v6-m/nofp/libcr_semihost_nf.a(__sys_tmpnam.o)
                0x0000000000002e06                __sys_tmpnam
 .text.__sys_write
                0x0000000000002e12        0xc /usr/local/mcuxpressoide-11.5.1_7266/ide/plugins/com.nxp.mcuxpresso.tools.linux_11.5.1.202201181444/tools/bin/../lib/gcc/arm-none-eabi/10.3.1/../../../../arm-none-eabi/lib/thumb/v6-m/nofp/libcr_semihost_nf.a(__sys_write.o)
                0x0000000000002e12                __sys_write
 *freertos*/tasks.o(SORT_BY_ALIGNMENT(.rodata*))
 *fill*         0x0000000000002e1e        0x2 ff
 .rodata.vTaskStartScheduler.str1.4
                0x0000000000002e20        0x5 ./amazon-freertos/FreeRTOS/tasks.o
 *fill*         0x0000000000002e25        0x3 ff
 .rodata.xTaskGenericNotify
                0x0000000000002e28       0x14 ./amazon-freertos/FreeRTOS/tasks.o
 .rodata.xTaskGenericNotifyFromISR
                0x0000000000002e3c       0x14 ./amazon-freertos/FreeRTOS/tasks.o
 *(SORT_BY_ALIGNMENT(.rodata) SORT_BY_ALIGNMENT(.rodata.*) SORT_BY_ALIGNMENT(.constdata) SORT_BY_ALIGNMENT(.constdata.*))
 .rodata.lcd_degree_char
                0x0000000000002e50        0x8 ./source/main_baremetal.o
                0x0000000000002e50                lcd_degree_char
 .rodata.lcdDisplayBootScreen.str1.4
                0x0000000000002e58       0x1f ./source/main_baremetal.o
 *fill*         0x0000000000002e77        0x1 ff
 .rodata.lcdDisplayHumidity.str1.4
                0x0000000000002e78        0xe ./source/main_baremetal.o
 *fill*         0x0000000000002e86        0x2 ff
 .rodata.lcdDisplayTemperature.str1.4
                0x0000000000002e88        0xe ./source/main_baremetal.o
 *fill*         0x0000000000002e96        0x2 ff
 .rodata.CLOCK_GetMcgExtClkFreq.str1.4
                0x0000000000002e98       0x1e ./drivers/fsl_clock.o
 *fill*         0x0000000000002eb6        0x2 ff
 .rodata.CLOCK_GetPll0Freq.str1.4
                0x0000000000002eb8       0x1d ./drivers/fsl_clock.o
 *fill*         0x0000000000002ed5        0x3 ff
 .rodata.fllFactorTable.1
                0x0000000000002ed8       0x10 ./drivers/fsl_clock.o
 .rodata.__num_Ciob_streams
                0x0000000000002ee8        0x4 /usr/local/mcuxpressoide-11.5.1_7266/ide/plugins/com.nxp.mcuxpresso.tools.linux_11.5.1.202201181444/tools/bin/../lib/gcc/arm-none-eabi/10.3.1/../../../../arm-none-eabi/lib/thumb/v6-m/nofp/libcr_semihost_nf.a(__ciob.o)
                0x0000000000002ee8                __num_Ciob_streams
 .rodata.__assertion_failed.str1.1
                0x0000000000002eec       0x15 /usr/local/mcuxpressoide-11.5.1_7266/ide/plugins/com.nxp.mcuxpresso.tools.linux_11.5.1.202201181444/tools/bin/../lib/gcc/arm-none-eabi/10.3.1/../../../../arm-none-eabi/lib/thumb/v6-m/nofp/libcr_semihost_nf.a(_cr_assert.o)
 .rodata._Csys_alloc.str1.1
                0x0000000000002f01       0x18 /usr/local/mcuxpressoide-11.5.1_7266/ide/plugins/com.nxp.mcuxpresso.tools.linux_11.5.1.202201181444/tools/bin/../lib/gcc/arm-none-eabi/10.3.1/../../../../arm-none-eabi/lib/thumb/v6-m/nofp/libcr_c.a(alloc.o)
 .rodata._initio.str1.1
                0x0000000000002f19        0x4 /usr/local/mcuxpressoide-11.5.1_7266/ide/plugins/com.nxp.mcuxpresso.tools.linux_11.5.1.202201181444/tools/bin/../lib/gcc/arm-none-eabi/10.3.1/../../../../arm-none-eabi/lib/thumb/v6-m/nofp/libcr_c.a(initio.o)
 .rodata.digits
                0x0000000000002f1d       0x11 /usr/local/mcuxpressoide-11.5.1_7266/ide/plugins/com.nxp.mcuxpresso.tools.linux_11.5.1.202201181444/tools/bin/../lib/gcc/arm-none-eabi/10.3.1/../../../../arm-none-eabi/lib/thumb/v6-m/nofp/libcr_c.a(itoa.o)
                0x0000000000002f30                . = ALIGN (0x4)
 *fill*         0x0000000000002f2e        0x2 ff
                0x0000000000002f30                _etext = .

.glue_7         0x0000000000002f30        0x0
 .glue_7        0x0000000000002f30        0x0 linker stubs

.glue_7t        0x0000000000002f30        0x0
 .glue_7t       0x0000000000002f30        0x0 linker stubs

.vfp11_veneer   0x0000000000002f30        0x0
 .vfp11_veneer  0x0000000000002f30        0x0 linker stubs

.v4_bx          0x0000000000002f30        0x0
 .v4_bx         0x0000000000002f30        0x0 linker stubs

.iplt           0x0000000000002f30        0x0
 .iplt          0x0000000000002f30        0x0 ./startup/startup_mkl46z4.o

.rel.dyn        0x0000000000002f30        0x0
 .rel.iplt      0x0000000000002f30        0x0 ./startup/startup_mkl46z4.o

.m_usb_data
 *(SORT_BY_ALIGNMENT(m_usb_bdt))

.mtb_buffer_default
                0x000000001fffe000       0x80
 *(SORT_BY_ALIGNMENT(.mtb*))
 .mtb.$RAM1     0x000000001fffe000       0x80 ./source/mtb.o
                0x000000001fffe000                __mtb_buffer__

.uninit_RESERVED
                0x000000001fffe080        0x0
                0x000000001fffe080                _start_uninit_RESERVED = .
 *(SORT_BY_ALIGNMENT(.bss.$RESERVED*))
                0x000000001fffe080                . = ALIGN (0x4)
                0x000000001fffe080                _end_uninit_RESERVED = .

.data           0x000000001fffe080       0x34 load address 0x0000000000002f30
 FILL mask 0xff
                0x000000001fffe080                _data = .
                [!provide]                        PROVIDE (__start_data_RAM = .)
                [!provide]                        PROVIDE (__start_data_SRAM = .)
 *(SORT_BY_ALIGNMENT(vtable))
 *(SORT_BY_ALIGNMENT(.ramfunc*))
 *(SORT_BY_ALIGNMENT(CodeQuickAccess))
 *(SORT_BY_ALIGNMENT(DataQuickAccess))
 *(SORT_BY_ALIGNMENT(RamFunction))
 *(SORT_BY_ALIGNMENT(.data*))
 .data.pin_gpios
                0x000000001fffe080       0x14 ./source/kl46z_api/gpio.o
 .data.pin_ports
                0x000000001fffe094       0x14 ./source/kl46z_api/port.o
 .data.s_slowIrcFreq
                0x000000001fffe0a8        0x4 ./drivers/fsl_clock.o
 .data.s_fastIrcFreq
                0x000000001fffe0ac        0x4 ./drivers/fsl_clock.o
 .data.uxCriticalNesting
                0x000000001fffe0b0        0x4 ./amazon-freertos/FreeRTOS/portable/port.o
                0x000000001fffe0b4                . = ALIGN (0x4)
                0x000000001fffe0b4                _edata = .
                [!provide]                        PROVIDE (__end_data_RAM = .)
                [!provide]                        PROVIDE (__end_data_SRAM = .)

.igot.plt       0x000000001fffe0b4        0x0 load address 0x0000000000002f64
 .igot.plt      0x000000001fffe0b4        0x0 ./startup/startup_mkl46z4.o

.bss            0x000000001fffe0b4      0x1f4
                0x000000001fffe0b4                _bss = .
                [!provide]                        PROVIDE (__start_bss_RAM = .)
                [!provide]                        PROVIDE (__start_bss_SRAM = .)
 *(SORT_BY_ALIGNMENT(.bss*))
 .bss.g_mcuCoreFrequency
                0x000000001fffe0b4        0x4 ./source/kl46z_api/delay.o
                0x000000001fffe0b4                g_mcuCoreFrequency
 .bss.g_mcuCyclesForUs
                0x000000001fffe0b8        0x4 ./source/kl46z_api/delay.o
                0x000000001fffe0b8                g_mcuCyclesForUs
 .bss.g_mcuCyclesForMs
                0x000000001fffe0bc        0x4 ./source/kl46z_api/delay.o
                0x000000001fffe0bc                g_mcuCyclesForMs
 .bss.drv_led_green
                0x000000001fffe0c0        0x2 ./source/kl46z_api/drivers.o
 *fill*         0x000000001fffe0c2        0x2 
 .bss.drv_led_red
                0x000000001fffe0c4        0x2 ./source/kl46z_api/drivers.o
 *fill*         0x000000001fffe0c6        0x2 
 .bss.drv_button_sw1
                0x000000001fffe0c8        0x2 ./source/kl46z_api/drivers.o
 *fill*         0x000000001fffe0ca        0x2 
 .bss.drv_button_sw3
                0x000000001fffe0cc        0x2 ./source/kl46z_api/drivers.o
 *fill*         0x000000001fffe0ce        0x2 
 .bss.g_lcdConfigList
                0x000000001fffe0d0       0x34 ./source/kl46z_api/lcd.o
 .bss.g_lcdHandleList
                0x000000001fffe104        0xc ./source/kl46z_api/lcd.o
 .bss.lcd_config
                0x000000001fffe110        0x4 ./source/main_baremetal.o
 .bss.lcd_handle
                0x000000001fffe114        0x4 ./source/main_baremetal.o
 .bss.g_xtal0Freq
                0x000000001fffe118        0x4 ./drivers/fsl_clock.o
                0x000000001fffe118                g_xtal0Freq
 .bss.s_i2cHandle
                0x000000001fffe11c        0x8 ./drivers/fsl_i2c.o
 .bss.s_i2cMasterIsr
                0x000000001fffe124        0x4 ./drivers/fsl_i2c.o
 .bss.s_i2cSlaveIsr
                0x000000001fffe128        0x4 ./drivers/fsl_i2c.o
 .bss.s_lpsciHandle
                0x000000001fffe12c        0x4 ./drivers/fsl_lpsci.o
 .bss.s_lpsciIsr
                0x000000001fffe130        0x4 ./drivers/fsl_lpsci.o
 .bss.s_uartHandle
                0x000000001fffe134        0xc ./drivers/fsl_uart.o
 .bss.s_uartIsr
                0x000000001fffe140        0x4 ./drivers/fsl_uart.o
 .bss.pxCurrentTCB
                0x000000001fffe144        0x4 ./amazon-freertos/FreeRTOS/tasks.o
                0x000000001fffe144                pxCurrentTCB
 .bss.pxReadyTasksLists
                0x000000001fffe148       0x64 ./amazon-freertos/FreeRTOS/tasks.o
 .bss.pxDelayedTaskList
                0x000000001fffe1ac        0x4 ./amazon-freertos/FreeRTOS/tasks.o
 .bss.pxOverflowDelayedTaskList
                0x000000001fffe1b0        0x4 ./amazon-freertos/FreeRTOS/tasks.o
 .bss.xPendingReadyList
                0x000000001fffe1b4       0x14 ./amazon-freertos/FreeRTOS/tasks.o
 .bss.xTickCount
                0x000000001fffe1c8        0x4 ./amazon-freertos/FreeRTOS/tasks.o
 .bss.uxTopReadyPriority
                0x000000001fffe1cc        0x4 ./amazon-freertos/FreeRTOS/tasks.o
 .bss.uxPendedTicks
                0x000000001fffe1d0        0x4 ./amazon-freertos/FreeRTOS/tasks.o
 .bss.xYieldPending
                0x000000001fffe1d4        0x4 ./amazon-freertos/FreeRTOS/tasks.o
 .bss.xNumOfOverflows
                0x000000001fffe1d8        0x4 ./amazon-freertos/FreeRTOS/tasks.o
 .bss.xNextTaskUnblockTime
                0x000000001fffe1dc        0x4 ./amazon-freertos/FreeRTOS/tasks.o
 .bss.uxSchedulerSuspended
                0x000000001fffe1e0        0x4 ./amazon-freertos/FreeRTOS/tasks.o
 .bss.__Ciob    0x000000001fffe1e4       0xb4 /usr/local/mcuxpressoide-11.5.1_7266/ide/plugins/com.nxp.mcuxpresso.tools.linux_11.5.1.202201181444/tools/bin/../lib/gcc/arm-none-eabi/10.3.1/../../../../arm-none-eabi/lib/thumb/v6-m/nofp/libcr_semihost_nf.a(__ciob.o)
                0x000000001fffe1e4                __Ciob
 .bss.__end_of_heap
                0x000000001fffe298        0x4 /usr/local/mcuxpressoide-11.5.1_7266/ide/plugins/com.nxp.mcuxpresso.tools.linux_11.5.1.202201181444/tools/bin/../lib/gcc/arm-none-eabi/10.3.1/../../../../arm-none-eabi/lib/thumb/v6-m/nofp/libcr_c.a(__init_alloc.o)
                0x000000001fffe298                __end_of_heap
 .bss.__heaps   0x000000001fffe29c        0x4 /usr/local/mcuxpressoide-11.5.1_7266/ide/plugins/com.nxp.mcuxpresso.tools.linux_11.5.1.202201181444/tools/bin/../lib/gcc/arm-none-eabi/10.3.1/../../../../arm-none-eabi/lib/thumb/v6-m/nofp/libcr_c.a(__init_alloc.o)
                0x000000001fffe29c                __heaps
 .bss.errno     0x000000001fffe2a0        0x4 /usr/local/mcuxpressoide-11.5.1_7266/ide/plugins/com.nxp.mcuxpresso.tools.linux_11.5.1.202201181444/tools/bin/../lib/gcc/arm-none-eabi/10.3.1/../../../../arm-none-eabi/lib/thumb/v6-m/nofp/libcr_c.a(errno.o)
                0x000000001fffe2a0                errno
 .bss.g_staticConfigsCreated
                0x000000001fffe2a4        0x1 ./source/kl46z_api/lcd.o
 .bss.g_staticHandlesCreated
                0x000000001fffe2a5        0x1 ./source/kl46z_api/lcd.o
 *(SORT_BY_ALIGNMENT(COMMON))
                0x000000001fffe2a8                . = ALIGN (0x4)
 *fill*         0x000000001fffe2a6        0x2 
                0x000000001fffe2a8                _ebss = .
                [!provide]                        PROVIDE (__end_bss_RAM = .)
                [!provide]                        PROVIDE (__end_bss_SRAM = .)
                [!provide]                        PROVIDE (end = .)

.noinit         0x000000001fffe2a8        0x0
                0x000000001fffe2a8                _noinit = .
                [!provide]                        PROVIDE (__start_noinit_RAM = .)
                [!provide]                        PROVIDE (__start_noinit_SRAM = .)
 *(SORT_BY_ALIGNMENT(.noinit*))
                0x000000001fffe2a8                . = ALIGN (0x4)
                0x000000001fffe2a8                _end_noinit = .
                [!provide]                        PROVIDE (__end_noinit_RAM = .)
                [!provide]                        PROVIDE (__end_noinit_SRAM = .)

.ARM.extab
 *(SORT_BY_ALIGNMENT(.ARM.extab*) SORT_BY_ALIGNMENT(.gnu.linkonce.armextab.*))

.ARM.exidx      0x0000000000002f64        0x0
                0x0000000000002f64                __exidx_start = .
 *(SORT_BY_ALIGNMENT(.ARM.exidx*) SORT_BY_ALIGNMENT(.gnu.linkonce.armexidx.*))
                0x0000000000002f64                __exidx_end = .
                0x0000000000000800                _HeapSize = 0x800

.heap           0x000000001fffe2a8      0x800
                0x000000001fffe2a8                _pvHeapStart = .
                0x000000001fffeaa8                . = (. + _HeapSize)
 *fill*         0x000000001fffe2a8      0x800 
                0x000000001fffeaa8                . = ALIGN (0x4)
                0x000000001fffeaa8                _pvHeapLimit = .
                0x0000000000000800                _StackSize = 0x800

.heap2stackfill
                0x000000001fffeaa8      0x800
                0x000000001ffff2a8                . = (. + _StackSize)
 *fill*         0x000000001fffeaa8      0x800 

.stack          0x0000000020005800        0x0
                0x0000000020005800                _vStackBase = .
                0x0000000020005800                . = ALIGN (0x4)
                0x0000000020006000                _vStackTop = (. + _StackSize)
                0x0000000000000000                _image_start = LOADADDR (.text)
                0x0000000000002f64                _image_end = (LOADADDR (.data) + SIZEOF (.data))
                0x0000000000002f64                _image_size = (_image_end - _image_start)
OUTPUT(Estufa-RTOS-KL46Z.axf elf32-littlearm)
LOAD linker stubs

.debug_info     0x0000000000000000     0xab9c
 .debug_info    0x0000000000000000      0x4eb ./startup/startup_mkl46z4.o
 .debug_info    0x00000000000004eb      0x394 ./source/kl46z_api/clock.o
 .debug_info    0x000000000000087f      0x302 ./source/kl46z_api/delay.o
 .debug_info    0x0000000000000b81      0x2e5 ./source/kl46z_api/drivers.o
 .debug_info    0x0000000000000e66      0x2c6 ./source/kl46z_api/gpio.o
 .debug_info    0x000000000000112c      0xb3c ./source/kl46z_api/lcd.o
 .debug_info    0x0000000000001c68      0x49e ./source/kl46z_api/port.o
 .debug_info    0x0000000000002106      0x9b3 ./source/main_baremetal.o
 .debug_info    0x0000000000002ab9       0x53 ./source/mtb.o
 .debug_info    0x0000000000002b0c       0x3c ./source/semihost_hardfault.o
 .debug_info    0x0000000000002b48     0x1a8b ./drivers/fsl_clock.o
 .debug_info    0x00000000000045d3     0x1aba ./drivers/fsl_i2c.o
 .debug_info    0x000000000000608d     0x14ac ./drivers/fsl_lpsci.o
 .debug_info    0x0000000000007539     0x144d ./drivers/fsl_uart.o
 .debug_info    0x0000000000008986      0x24e ./amazon-freertos/FreeRTOS/portable/port.o
 .debug_info    0x0000000000008bd4      0x2b8 ./amazon-freertos/FreeRTOS/list.o
 .debug_info    0x0000000000008e8c     0x1902 ./amazon-freertos/FreeRTOS/tasks.o
 .debug_info    0x000000000000a78e      0x40e ./CMSIS/system_MKL46Z4.o

.debug_abbrev   0x0000000000000000     0x1fad
 .debug_abbrev  0x0000000000000000      0x198 ./startup/startup_mkl46z4.o
 .debug_abbrev  0x0000000000000198      0x122 ./source/kl46z_api/clock.o
 .debug_abbrev  0x00000000000002ba       0xee ./source/kl46z_api/delay.o
 .debug_abbrev  0x00000000000003a8      0x119 ./source/kl46z_api/drivers.o
 .debug_abbrev  0x00000000000004c1      0x157 ./source/kl46z_api/gpio.o
 .debug_abbrev  0x0000000000000618      0x247 ./source/kl46z_api/lcd.o
 .debug_abbrev  0x000000000000085f      0x1b2 ./source/kl46z_api/port.o
 .debug_abbrev  0x0000000000000a11      0x21a ./source/main_baremetal.o
 .debug_abbrev  0x0000000000000c2b       0x46 ./source/mtb.o
 .debug_abbrev  0x0000000000000c71       0x31 ./source/semihost_hardfault.o
 .debug_abbrev  0x0000000000000ca2      0x34b ./drivers/fsl_clock.o
 .debug_abbrev  0x0000000000000fed      0x376 ./drivers/fsl_i2c.o
 .debug_abbrev  0x0000000000001363      0x2f3 ./drivers/fsl_lpsci.o
 .debug_abbrev  0x0000000000001656      0x2f3 ./drivers/fsl_uart.o
 .debug_abbrev  0x0000000000001949      0x199 ./amazon-freertos/FreeRTOS/portable/port.o
 .debug_abbrev  0x0000000000001ae2       0xf2 ./amazon-freertos/FreeRTOS/list.o
 .debug_abbrev  0x0000000000001bd4      0x291 ./amazon-freertos/FreeRTOS/tasks.o
 .debug_abbrev  0x0000000000001e65      0x148 ./CMSIS/system_MKL46Z4.o

.debug_aranges  0x0000000000000000      0xcb8
 .debug_aranges
                0x0000000000000000      0x160 ./startup/startup_mkl46z4.o
 .debug_aranges
                0x0000000000000160       0x40 ./source/kl46z_api/clock.o
 .debug_aranges
                0x00000000000001a0       0x40 ./source/kl46z_api/delay.o
 .debug_aranges
                0x00000000000001e0       0x40 ./source/kl46z_api/drivers.o
 .debug_aranges
                0x0000000000000220       0x38 ./source/kl46z_api/gpio.o
 .debug_aranges
                0x0000000000000258       0xf0 ./source/kl46z_api/lcd.o
 .debug_aranges
                0x0000000000000348       0x58 ./source/kl46z_api/port.o
 .debug_aranges
                0x00000000000003a0       0x60 ./source/main_baremetal.o
 .debug_aranges
                0x0000000000000400       0x18 ./source/mtb.o
 .debug_aranges
                0x0000000000000418       0x20 ./source/semihost_hardfault.o
 .debug_aranges
                0x0000000000000438      0x1d8 ./drivers/fsl_clock.o
 .debug_aranges
                0x0000000000000610      0x178 ./drivers/fsl_i2c.o
 .debug_aranges
                0x0000000000000788      0x118 ./drivers/fsl_lpsci.o
 .debug_aranges
                0x00000000000008a0      0x130 ./drivers/fsl_uart.o
 .debug_aranges
                0x00000000000009d0       0x80 ./amazon-freertos/FreeRTOS/portable/port.o
 .debug_aranges
                0x0000000000000a50       0x40 ./amazon-freertos/FreeRTOS/list.o
 .debug_aranges
                0x0000000000000a90      0x1f8 ./amazon-freertos/FreeRTOS/tasks.o
 .debug_aranges
                0x0000000000000c88       0x30 ./CMSIS/system_MKL46Z4.o

.debug_ranges   0x0000000000000000      0xb90
 .debug_ranges  0x0000000000000000      0x150 ./startup/startup_mkl46z4.o
 .debug_ranges  0x0000000000000150       0x30 ./source/kl46z_api/clock.o
 .debug_ranges  0x0000000000000180       0x30 ./source/kl46z_api/delay.o
 .debug_ranges  0x00000000000001b0       0x30 ./source/kl46z_api/drivers.o
 .debug_ranges  0x00000000000001e0       0x28 ./source/kl46z_api/gpio.o
 .debug_ranges  0x0000000000000208       0xe0 ./source/kl46z_api/lcd.o
 .debug_ranges  0x00000000000002e8       0x48 ./source/kl46z_api/port.o
 .debug_ranges  0x0000000000000330       0x50 ./source/main_baremetal.o
 .debug_ranges  0x0000000000000380       0x10 ./source/semihost_hardfault.o
 .debug_ranges  0x0000000000000390      0x1c8 ./drivers/fsl_clock.o
 .debug_ranges  0x0000000000000558      0x168 ./drivers/fsl_i2c.o
 .debug_ranges  0x00000000000006c0      0x108 ./drivers/fsl_lpsci.o
 .debug_ranges  0x00000000000007c8      0x120 ./drivers/fsl_uart.o
 .debug_ranges  0x00000000000008e8       0x70 ./amazon-freertos/FreeRTOS/portable/port.o
 .debug_ranges  0x0000000000000958       0x30 ./amazon-freertos/FreeRTOS/list.o
 .debug_ranges  0x0000000000000988      0x1e8 ./amazon-freertos/FreeRTOS/tasks.o
 .debug_ranges  0x0000000000000b70       0x20 ./CMSIS/system_MKL46Z4.o

.debug_macro    0x0000000000000000     0x1300
 .debug_macro   0x0000000000000000       0x29 ./startup/startup_mkl46z4.o
 .debug_macro   0x0000000000000029       0xdd ./source/kl46z_api/clock.o
 .debug_macro   0x0000000000000106       0x1c ./source/kl46z_api/clock.o
 .debug_macro   0x0000000000000122      0x13d ./source/kl46z_api/delay.o
 .debug_macro   0x000000000000025f       0x4e ./source/kl46z_api/delay.o
 .debug_macro   0x00000000000002ad       0xbb ./source/kl46z_api/drivers.o
 .debug_macro   0x0000000000000368       0xa2 ./source/kl46z_api/gpio.o
 .debug_macro   0x000000000000040a      0x1a8 ./source/kl46z_api/lcd.o
 .debug_macro   0x00000000000005b2       0x10 ./source/kl46z_api/lcd.o
 .debug_macro   0x00000000000005c2       0xb8 ./source/kl46z_api/lcd.o
 .debug_macro   0x000000000000067a       0xa7 ./source/kl46z_api/port.o
 .debug_macro   0x0000000000000721      0x177 ./source/main_baremetal.o
 .debug_macro   0x0000000000000898       0x10 ./source/main_baremetal.o
 .debug_macro   0x00000000000008a8       0xd8 ./source/main_baremetal.o
 .debug_macro   0x0000000000000980       0x2f ./source/mtb.o
 .debug_macro   0x00000000000009af       0x82 ./source/mtb.o
 .debug_macro   0x0000000000000a31       0x10 ./source/mtb.o
 .debug_macro   0x0000000000000a41       0x11 ./source/semihost_hardfault.o
 .debug_macro   0x0000000000000a52      0x1b8 ./drivers/fsl_clock.o
 .debug_macro   0x0000000000000c0a      0x107 ./drivers/fsl_i2c.o
 .debug_macro   0x0000000000000d11       0x16 ./drivers/fsl_i2c.o
 .debug_macro   0x0000000000000d27      0x108 ./drivers/fsl_lpsci.o
 .debug_macro   0x0000000000000e2f      0x10e ./drivers/fsl_uart.o
 .debug_macro   0x0000000000000f3d       0xce ./amazon-freertos/FreeRTOS/portable/port.o
 .debug_macro   0x000000000000100b       0xb8 ./amazon-freertos/FreeRTOS/list.o
 .debug_macro   0x00000000000010c3      0x196 ./amazon-freertos/FreeRTOS/tasks.o
 .debug_macro   0x0000000000001259       0x10 ./amazon-freertos/FreeRTOS/tasks.o
 .debug_macro   0x0000000000001269       0x97 ./CMSIS/system_MKL46Z4.o

.debug_line     0x0000000000000000     0x899c
 .debug_line    0x0000000000000000      0x1ed ./startup/startup_mkl46z4.o
 .debug_line    0x00000000000001ed      0x2eb ./source/kl46z_api/clock.o
 .debug_line    0x00000000000004d8      0x3cb ./source/kl46z_api/delay.o
 .debug_line    0x00000000000008a3      0x361 ./source/kl46z_api/drivers.o
 .debug_line    0x0000000000000c04      0x36d ./source/kl46z_api/gpio.o
 .debug_line    0x0000000000000f71      0x85e ./source/kl46z_api/lcd.o
 .debug_line    0x00000000000017cf      0x441 ./source/kl46z_api/port.o
 .debug_line    0x0000000000001c10      0x58c ./source/main_baremetal.o
 .debug_line    0x000000000000219c       0xd5 ./source/mtb.o
 .debug_line    0x0000000000002271       0x59 ./source/semihost_hardfault.o
 .debug_line    0x00000000000022ca     0x130f ./drivers/fsl_clock.o
 .debug_line    0x00000000000035d9     0x13bc ./drivers/fsl_i2c.o
 .debug_line    0x0000000000004995      0xdd1 ./drivers/fsl_lpsci.o
 .debug_line    0x0000000000005766      0xddc ./drivers/fsl_uart.o
 .debug_line    0x0000000000006542      0x58a ./amazon-freertos/FreeRTOS/portable/port.o
 .debug_line    0x0000000000006acc      0x45a ./amazon-freertos/FreeRTOS/list.o
 .debug_line    0x0000000000006f26     0x171f ./amazon-freertos/FreeRTOS/tasks.o
 .debug_line    0x0000000000008645      0x357 ./CMSIS/system_MKL46Z4.o

.debug_str      0x0000000000000000    0x56c64
 .debug_str     0x0000000000000000     0x30aa ./startup/startup_mkl46z4.o
                                       0x30fa (size before relaxing)
 .debug_str     0x00000000000030aa    0x4014c ./source/kl46z_api/clock.o
                                      0x43025 (size before relaxing)
 .debug_str     0x00000000000431f6     0x80ca ./source/kl46z_api/delay.o
                                      0x4ad4b (size before relaxing)
 .debug_str     0x000000000004b2c0      0x20d ./source/kl46z_api/drivers.o
                                      0x42f7e (size before relaxing)
 .debug_str     0x000000000004b4cd       0xba ./source/kl46z_api/gpio.o
                                      0x42dbd (size before relaxing)
 .debug_str     0x000000000004b587     0x1389 ./source/kl46z_api/lcd.o
                                      0x4be76 (size before relaxing)
 .debug_str     0x000000000004c910      0x1ab ./source/kl46z_api/port.o
                                      0x42f69 (size before relaxing)
 .debug_str     0x000000000004cabb      0x442 ./source/main_baremetal.o
                                      0x4b454 (size before relaxing)
 .debug_str     0x000000000004cefd      0x532 ./source/mtb.o
                                       0x3221 (size before relaxing)
 .debug_str     0x000000000004d42f       0x1f ./source/semihost_hardfault.o
                                       0x2d0e (size before relaxing)
 .debug_str     0x000000000004d44e     0x18cd ./drivers/fsl_clock.o
                                      0x4c2d8 (size before relaxing)
 .debug_str     0x000000000004ed1b      0xe5b ./drivers/fsl_i2c.o
                                      0x4ba7e (size before relaxing)
 .debug_str     0x000000000004fb76      0xb1b ./drivers/fsl_lpsci.o
                                      0x4b901 (size before relaxing)
 .debug_str     0x0000000000050691      0x9e9 ./drivers/fsl_uart.o
                                      0x4b91e (size before relaxing)
 .debug_str     0x000000000005107a     0x3de4 ./amazon-freertos/FreeRTOS/portable/port.o
                                       0x8293 (size before relaxing)
 .debug_str     0x0000000000054e5e      0x139 ./amazon-freertos/FreeRTOS/list.o
                                       0x779c (size before relaxing)
 .debug_str     0x0000000000054f97     0x1c5f ./amazon-freertos/FreeRTOS/tasks.o
                                       0x9a2d (size before relaxing)
 .debug_str     0x0000000000056bf6       0x6e ./CMSIS/system_MKL46Z4.o
                                      0x49756 (size before relaxing)

.comment        0x0000000000000000       0x49
 .comment       0x0000000000000000       0x49 ./startup/startup_mkl46z4.o
                                         0x4a (size before relaxing)
 .comment       0x0000000000000049       0x4a ./source/kl46z_api/clock.o
 .comment       0x0000000000000049       0x4a ./source/kl46z_api/delay.o
 .comment       0x0000000000000049       0x4a ./source/kl46z_api/drivers.o
 .comment       0x0000000000000049       0x4a ./source/kl46z_api/gpio.o
 .comment       0x0000000000000049       0x4a ./source/kl46z_api/lcd.o
 .comment       0x0000000000000049       0x4a ./source/kl46z_api/port.o
 .comment       0x0000000000000049       0x4a ./source/main_baremetal.o
 .comment       0x0000000000000049       0x4a ./source/mtb.o
 .comment       0x0000000000000049       0x4a ./source/semihost_hardfault.o
 .comment       0x0000000000000049       0x4a ./drivers/fsl_clock.o
 .comment       0x0000000000000049       0x4a ./drivers/fsl_i2c.o
 .comment       0x0000000000000049       0x4a ./drivers/fsl_lpsci.o
 .comment       0x0000000000000049       0x4a ./drivers/fsl_uart.o
 .comment       0x0000000000000049       0x4a ./amazon-freertos/FreeRTOS/portable/port.o
 .comment       0x0000000000000049       0x4a ./amazon-freertos/FreeRTOS/list.o
 .comment       0x0000000000000049       0x4a ./amazon-freertos/FreeRTOS/tasks.o
 .comment       0x0000000000000049       0x4a ./CMSIS/system_MKL46Z4.o
 .comment       0x0000000000000049       0x4a /usr/local/mcuxpressoide-11.5.1_7266/ide/plugins/com.nxp.mcuxpresso.tools.linux_11.5.1.202201181444/tools/bin/../lib/gcc/arm-none-eabi/10.3.1/../../../../arm-none-eabi/lib/thumb/v6-m/nofp/libcr_semihost_nf.a(_cr__main.o)
 .comment       0x0000000000000049       0x4a /usr/local/mcuxpressoide-11.5.1_7266/ide/plugins/com.nxp.mcuxpresso.tools.linux_11.5.1.202201181444/tools/bin/../lib/gcc/arm-none-eabi/10.3.1/../../../../arm-none-eabi/lib/thumb/v6-m/nofp/libcr_semihost_nf.a(_cr_assert.o)
 .comment       0x0000000000000049       0x4a /usr/local/mcuxpressoide-11.5.1_7266/ide/plugins/com.nxp.mcuxpresso.tools.linux_11.5.1.202201181444/tools/bin/../lib/gcc/arm-none-eabi/10.3.1/../../../../arm-none-eabi/lib/thumb/v6-m/nofp/libcr_semihost_nf.a(__ciob.o)
 .comment       0x0000000000000049       0x4a /usr/local/mcuxpressoide-11.5.1_7266/ide/plugins/com.nxp.mcuxpresso.tools.linux_11.5.1.202201181444/tools/bin/../lib/gcc/arm-none-eabi/10.3.1/../../../../arm-none-eabi/lib/thumb/v6-m/nofp/libcr_c.a(memset.o)
 .comment       0x0000000000000049       0x4a /usr/local/mcuxpressoide-11.5.1_7266/ide/plugins/com.nxp.mcuxpresso.tools.linux_11.5.1.202201181444/tools/bin/../lib/gcc/arm-none-eabi/10.3.1/../../../../arm-none-eabi/lib/thumb/v6-m/nofp/libcr_c.a(_deferredlazyseek.o)
 .comment       0x0000000000000049       0x4a /usr/local/mcuxpressoide-11.5.1_7266/ide/plugins/com.nxp.mcuxpresso.tools.linux_11.5.1.202201181444/tools/bin/../lib/gcc/arm-none-eabi/10.3.1/../../../../arm-none-eabi/lib/thumb/v6-m/nofp/libcr_c.a(_fflush.o)
 .comment       0x0000000000000049       0x4a /usr/local/mcuxpressoide-11.5.1_7266/ide/plugins/com.nxp.mcuxpresso.tools.linux_11.5.1.202201181444/tools/bin/../lib/gcc/arm-none-eabi/10.3.1/../../../../arm-none-eabi/lib/thumb/v6-m/nofp/libcr_c.a(_writebuf.o)
 .comment       0x0000000000000049       0x4a /usr/local/mcuxpressoide-11.5.1_7266/ide/plugins/com.nxp.mcuxpresso.tools.linux_11.5.1.202201181444/tools/bin/../lib/gcc/arm-none-eabi/10.3.1/../../../../arm-none-eabi/lib/thumb/v6-m/nofp/libcr_c.a(alloc.o)
 .comment       0x0000000000000049       0x4a /usr/local/mcuxpressoide-11.5.1_7266/ide/plugins/com.nxp.mcuxpresso.tools.linux_11.5.1.202201181444/tools/bin/../lib/gcc/arm-none-eabi/10.3.1/../../../../arm-none-eabi/lib/thumb/v6-m/nofp/libcr_c.a(fputs.o)
 .comment       0x0000000000000049       0x4a /usr/local/mcuxpressoide-11.5.1_7266/ide/plugins/com.nxp.mcuxpresso.tools.linux_11.5.1.202201181444/tools/bin/../lib/gcc/arm-none-eabi/10.3.1/../../../../arm-none-eabi/lib/thumb/v6-m/nofp/libcr_c.a(fseek.o)
 .comment       0x0000000000000049       0x4a /usr/local/mcuxpressoide-11.5.1_7266/ide/plugins/com.nxp.mcuxpresso.tools.linux_11.5.1.202201181444/tools/bin/../lib/gcc/arm-none-eabi/10.3.1/../../../../arm-none-eabi/lib/thumb/v6-m/nofp/libcr_c.a(ftell.o)
 .comment       0x0000000000000049       0x4a /usr/local/mcuxpressoide-11.5.1_7266/ide/plugins/com.nxp.mcuxpresso.tools.linux_11.5.1.202201181444/tools/bin/../lib/gcc/arm-none-eabi/10.3.1/../../../../arm-none-eabi/lib/thumb/v6-m/nofp/libcr_c.a(initio.o)
 .comment       0x0000000000000049       0x4a /usr/local/mcuxpressoide-11.5.1_7266/ide/plugins/com.nxp.mcuxpresso.tools.linux_11.5.1.202201181444/tools/bin/../lib/gcc/arm-none-eabi/10.3.1/../../../../arm-none-eabi/lib/thumb/v6-m/nofp/libcr_c.a(itoa.o)
 .comment       0x0000000000000049       0x4a /usr/local/mcuxpressoide-11.5.1_7266/ide/plugins/com.nxp.mcuxpresso.tools.linux_11.5.1.202201181444/tools/bin/../lib/gcc/arm-none-eabi/10.3.1/../../../../arm-none-eabi/lib/thumb/v6-m/nofp/libcr_c.a(setvbuf.o)
 .comment       0x0000000000000049       0x4a /usr/local/mcuxpressoide-11.5.1_7266/ide/plugins/com.nxp.mcuxpresso.tools.linux_11.5.1.202201181444/tools/bin/../lib/gcc/arm-none-eabi/10.3.1/../../../../arm-none-eabi/lib/thumb/v6-m/nofp/libcr_c.a(strlen.o)
 .comment       0x0000000000000049       0x4a /usr/local/mcuxpressoide-11.5.1_7266/ide/plugins/com.nxp.mcuxpresso.tools.linux_11.5.1.202201181444/tools/bin/../lib/gcc/arm-none-eabi/10.3.1/../../../../arm-none-eabi/lib/thumb/v6-m/nofp/libcr_c.a(__init_alloc.o)
 .comment       0x0000000000000049       0x4a /usr/local/mcuxpressoide-11.5.1_7266/ide/plugins/com.nxp.mcuxpresso.tools.linux_11.5.1.202201181444/tools/bin/../lib/gcc/arm-none-eabi/10.3.1/../../../../arm-none-eabi/lib/thumb/v6-m/nofp/libcr_c.a(_cr_sbrk.o)
 .comment       0x0000000000000049       0x4a /usr/local/mcuxpressoide-11.5.1_7266/ide/plugins/com.nxp.mcuxpresso.tools.linux_11.5.1.202201181444/tools/bin/../lib/gcc/arm-none-eabi/10.3.1/../../../../arm-none-eabi/lib/thumb/v6-m/nofp/libcr_c.a(_fdopen.o)
 .comment       0x0000000000000049       0x4a /usr/local/mcuxpressoide-11.5.1_7266/ide/plugins/com.nxp.mcuxpresso.tools.linux_11.5.1.202201181444/tools/bin/../lib/gcc/arm-none-eabi/10.3.1/../../../../arm-none-eabi/lib/thumb/v6-m/nofp/libcr_c.a(errno.o)
 .comment       0x0000000000000049       0x4a /usr/local/mcuxpressoide-11.5.1_7266/ide/plugins/com.nxp.mcuxpresso.tools.linux_11.5.1.202201181444/tools/bin/../lib/gcc/arm-none-eabi/10.3.1/../../../../arm-none-eabi/lib/thumb/v6-m/nofp/libcr_c.a(fclose.o)
 .comment       0x0000000000000049       0x4a /usr/local/mcuxpressoide-11.5.1_7266/ide/plugins/com.nxp.mcuxpresso.tools.linux_11.5.1.202201181444/tools/bin/../lib/gcc/arm-none-eabi/10.3.1/../../../../arm-none-eabi/lib/thumb/v6-m/nofp/libcr_c.a(fflush.o)
 .comment       0x0000000000000049       0x4a /usr/local/mcuxpressoide-11.5.1_7266/ide/plugins/com.nxp.mcuxpresso.tools.linux_11.5.1.202201181444/tools/bin/../lib/gcc/arm-none-eabi/10.3.1/../../../../arm-none-eabi/lib/thumb/v6-m/nofp/libcr_c.a(remove.o)
 .comment       0x0000000000000049       0x4a /usr/local/mcuxpressoide-11.5.1_7266/ide/plugins/com.nxp.mcuxpresso.tools.linux_11.5.1.202201181444/tools/bin/../lib/gcc/arm-none-eabi/10.3.1/../../../../arm-none-eabi/lib/thumb/v6-m/nofp/libcr_c.a(_cr_check_heap.o)
 .comment       0x0000000000000049       0x4a /usr/local/mcuxpressoide-11.5.1_7266/ide/plugins/com.nxp.mcuxpresso.tools.linux_11.5.1.202201181444/tools/bin/../lib/gcc/arm-none-eabi/10.3.1/../../../../arm-none-eabi/lib/thumb/v6-m/nofp/libcr_c.a(_do_fflush.o)
 .comment       0x0000000000000049       0x4a /usr/local/mcuxpressoide-11.5.1_7266/ide/plugins/com.nxp.mcuxpresso.tools.linux_11.5.1.202201181444/tools/bin/../lib/gcc/arm-none-eabi/10.3.1/thumb/v6-m/nofp/libcr_eabihelpers.a(double.o)

.ARM.attributes
                0x0000000000000000       0x2a
 .ARM.attributes
                0x0000000000000000       0x2c ./startup/startup_mkl46z4.o
 .ARM.attributes
                0x000000000000002c       0x2c ./source/kl46z_api/clock.o
 .ARM.attributes
                0x0000000000000058       0x2c ./source/kl46z_api/delay.o
 .ARM.attributes
                0x0000000000000084       0x2c ./source/kl46z_api/drivers.o
 .ARM.attributes
                0x00000000000000b0       0x2c ./source/kl46z_api/gpio.o
 .ARM.attributes
                0x00000000000000dc       0x2c ./source/kl46z_api/lcd.o
 .ARM.attributes
                0x0000000000000108       0x2c ./source/kl46z_api/port.o
 .ARM.attributes
                0x0000000000000134       0x2c ./source/main_baremetal.o
 .ARM.attributes
                0x0000000000000160       0x32 ./source/mtb.o
 .ARM.attributes
                0x0000000000000192       0x2c ./source/semihost_hardfault.o
 .ARM.attributes
                0x00000000000001be       0x2c ./drivers/fsl_clock.o
 .ARM.attributes
                0x00000000000001ea       0x2c ./drivers/fsl_i2c.o
 .ARM.attributes
                0x0000000000000216       0x2c ./drivers/fsl_lpsci.o
 .ARM.attributes
                0x0000000000000242       0x2c ./drivers/fsl_uart.o
 .ARM.attributes
                0x000000000000026e       0x2c ./amazon-freertos/FreeRTOS/portable/port.o
 .ARM.attributes
                0x000000000000029a       0x2c ./amazon-freertos/FreeRTOS/list.o
 .ARM.attributes
                0x00000000000002c6       0x2c ./amazon-freertos/FreeRTOS/tasks.o
 .ARM.attributes
                0x00000000000002f2       0x2c ./CMSIS/system_MKL46Z4.o
 .ARM.attributes
                0x000000000000031e       0x2c /usr/local/mcuxpressoide-11.5.1_7266/ide/plugins/com.nxp.mcuxpresso.tools.linux_11.5.1.202201181444/tools/bin/../lib/gcc/arm-none-eabi/10.3.1/../../../../arm-none-eabi/lib/thumb/v6-m/nofp/libcr_semihost_nf.a(_cr__main.o)
 .ARM.attributes
                0x000000000000034a       0x2c /usr/local/mcuxpressoide-11.5.1_7266/ide/plugins/com.nxp.mcuxpresso.tools.linux_11.5.1.202201181444/tools/bin/../lib/gcc/arm-none-eabi/10.3.1/../../../../arm-none-eabi/lib/thumb/v6-m/nofp/libcr_semihost_nf.a(_cr_assert.o)
 .ARM.attributes
                0x0000000000000376       0x31 /usr/local/mcuxpressoide-11.5.1_7266/ide/plugins/com.nxp.mcuxpresso.tools.linux_11.5.1.202201181444/tools/bin/../lib/gcc/arm-none-eabi/10.3.1/../../../../arm-none-eabi/lib/thumb/v6-m/nofp/libcr_semihost_nf.a(__ciob.o)
 .ARM.attributes
                0x00000000000003a7       0x1c /usr/local/mcuxpressoide-11.5.1_7266/ide/plugins/com.nxp.mcuxpresso.tools.linux_11.5.1.202201181444/tools/bin/../lib/gcc/arm-none-eabi/10.3.1/../../../../arm-none-eabi/lib/thumb/v6-m/nofp/libcr_semihost_nf.a(__sys_appexit.o)
 .ARM.attributes
                0x00000000000003c3       0x2c /usr/local/mcuxpressoide-11.5.1_7266/ide/plugins/com.nxp.mcuxpresso.tools.linux_11.5.1.202201181444/tools/bin/../lib/gcc/arm-none-eabi/10.3.1/../../../../arm-none-eabi/lib/thumb/v6-m/nofp/libcr_c.a(memset.o)
 .ARM.attributes
                0x00000000000003ef       0x2c /usr/local/mcuxpressoide-11.5.1_7266/ide/plugins/com.nxp.mcuxpresso.tools.linux_11.5.1.202201181444/tools/bin/../lib/gcc/arm-none-eabi/10.3.1/../../../../arm-none-eabi/lib/thumb/v6-m/nofp/libcr_c.a(_deferredlazyseek.o)
 .ARM.attributes
                0x000000000000041b       0x2c /usr/local/mcuxpressoide-11.5.1_7266/ide/plugins/com.nxp.mcuxpresso.tools.linux_11.5.1.202201181444/tools/bin/../lib/gcc/arm-none-eabi/10.3.1/../../../../arm-none-eabi/lib/thumb/v6-m/nofp/libcr_c.a(_fflush.o)
 .ARM.attributes
                0x0000000000000447       0x2c /usr/local/mcuxpressoide-11.5.1_7266/ide/plugins/com.nxp.mcuxpresso.tools.linux_11.5.1.202201181444/tools/bin/../lib/gcc/arm-none-eabi/10.3.1/../../../../arm-none-eabi/lib/thumb/v6-m/nofp/libcr_c.a(_writebuf.o)
 .ARM.attributes
                0x0000000000000473       0x2c /usr/local/mcuxpressoide-11.5.1_7266/ide/plugins/com.nxp.mcuxpresso.tools.linux_11.5.1.202201181444/tools/bin/../lib/gcc/arm-none-eabi/10.3.1/../../../../arm-none-eabi/lib/thumb/v6-m/nofp/libcr_c.a(alloc.o)
 .ARM.attributes
                0x000000000000049f       0x2c /usr/local/mcuxpressoide-11.5.1_7266/ide/plugins/com.nxp.mcuxpresso.tools.linux_11.5.1.202201181444/tools/bin/../lib/gcc/arm-none-eabi/10.3.1/../../../../arm-none-eabi/lib/thumb/v6-m/nofp/libcr_c.a(fputs.o)
 .ARM.attributes
                0x00000000000004cb       0x2c /usr/local/mcuxpressoide-11.5.1_7266/ide/plugins/com.nxp.mcuxpresso.tools.linux_11.5.1.202201181444/tools/bin/../lib/gcc/arm-none-eabi/10.3.1/../../../../arm-none-eabi/lib/thumb/v6-m/nofp/libcr_c.a(fseek.o)
 .ARM.attributes
                0x00000000000004f7       0x2c /usr/local/mcuxpressoide-11.5.1_7266/ide/plugins/com.nxp.mcuxpresso.tools.linux_11.5.1.202201181444/tools/bin/../lib/gcc/arm-none-eabi/10.3.1/../../../../arm-none-eabi/lib/thumb/v6-m/nofp/libcr_c.a(ftell.o)
 .ARM.attributes
                0x0000000000000523       0x2c /usr/local/mcuxpressoide-11.5.1_7266/ide/plugins/com.nxp.mcuxpresso.tools.linux_11.5.1.202201181444/tools/bin/../lib/gcc/arm-none-eabi/10.3.1/../../../../arm-none-eabi/lib/thumb/v6-m/nofp/libcr_c.a(initio.o)
 .ARM.attributes
                0x000000000000054f       0x2c /usr/local/mcuxpressoide-11.5.1_7266/ide/plugins/com.nxp.mcuxpresso.tools.linux_11.5.1.202201181444/tools/bin/../lib/gcc/arm-none-eabi/10.3.1/../../../../arm-none-eabi/lib/thumb/v6-m/nofp/libcr_c.a(itoa.o)
 .ARM.attributes
                0x000000000000057b       0x2c /usr/local/mcuxpressoide-11.5.1_7266/ide/plugins/com.nxp.mcuxpresso.tools.linux_11.5.1.202201181444/tools/bin/../lib/gcc/arm-none-eabi/10.3.1/../../../../arm-none-eabi/lib/thumb/v6-m/nofp/libcr_c.a(setvbuf.o)
 .ARM.attributes
                0x00000000000005a7       0x2c /usr/local/mcuxpressoide-11.5.1_7266/ide/plugins/com.nxp.mcuxpresso.tools.linux_11.5.1.202201181444/tools/bin/../lib/gcc/arm-none-eabi/10.3.1/../../../../arm-none-eabi/lib/thumb/v6-m/nofp/libcr_c.a(strlen.o)
 .ARM.attributes
                0x00000000000005d3       0x2c /usr/local/mcuxpressoide-11.5.1_7266/ide/plugins/com.nxp.mcuxpresso.tools.linux_11.5.1.202201181444/tools/bin/../lib/gcc/arm-none-eabi/10.3.1/../../../../arm-none-eabi/lib/thumb/v6-m/nofp/libcr_c.a(__init_alloc.o)
 .ARM.attributes
                0x00000000000005ff       0x2c /usr/local/mcuxpressoide-11.5.1_7266/ide/plugins/com.nxp.mcuxpresso.tools.linux_11.5.1.202201181444/tools/bin/../lib/gcc/arm-none-eabi/10.3.1/../../../../arm-none-eabi/lib/thumb/v6-m/nofp/libcr_c.a(_cr_sbrk.o)
 .ARM.attributes
                0x000000000000062b       0x2c /usr/local/mcuxpressoide-11.5.1_7266/ide/plugins/com.nxp.mcuxpresso.tools.linux_11.5.1.202201181444/tools/bin/../lib/gcc/arm-none-eabi/10.3.1/../../../../arm-none-eabi/lib/thumb/v6-m/nofp/libcr_c.a(_fdopen.o)
 .ARM.attributes
                0x0000000000000657       0x31 /usr/local/mcuxpressoide-11.5.1_7266/ide/plugins/com.nxp.mcuxpresso.tools.linux_11.5.1.202201181444/tools/bin/../lib/gcc/arm-none-eabi/10.3.1/../../../../arm-none-eabi/lib/thumb/v6-m/nofp/libcr_c.a(errno.o)
 .ARM.attributes
                0x0000000000000688       0x2c /usr/local/mcuxpressoide-11.5.1_7266/ide/plugins/com.nxp.mcuxpresso.tools.linux_11.5.1.202201181444/tools/bin/../lib/gcc/arm-none-eabi/10.3.1/../../../../arm-none-eabi/lib/thumb/v6-m/nofp/libcr_c.a(fclose.o)
 .ARM.attributes
                0x00000000000006b4       0x2c /usr/local/mcuxpressoide-11.5.1_7266/ide/plugins/com.nxp.mcuxpresso.tools.linux_11.5.1.202201181444/tools/bin/../lib/gcc/arm-none-eabi/10.3.1/../../../../arm-none-eabi/lib/thumb/v6-m/nofp/libcr_c.a(fflush.o)
 .ARM.attributes
                0x00000000000006e0       0x2c /usr/local/mcuxpressoide-11.5.1_7266/ide/plugins/com.nxp.mcuxpresso.tools.linux_11.5.1.202201181444/tools/bin/../lib/gcc/arm-none-eabi/10.3.1/../../../../arm-none-eabi/lib/thumb/v6-m/nofp/libcr_c.a(remove.o)
 .ARM.attributes
                0x000000000000070c       0x2c /usr/local/mcuxpressoide-11.5.1_7266/ide/plugins/com.nxp.mcuxpresso.tools.linux_11.5.1.202201181444/tools/bin/../lib/gcc/arm-none-eabi/10.3.1/../../../../arm-none-eabi/lib/thumb/v6-m/nofp/libcr_c.a(_cr_check_heap.o)
 .ARM.attributes
                0x0000000000000738       0x2c /usr/local/mcuxpressoide-11.5.1_7266/ide/plugins/com.nxp.mcuxpresso.tools.linux_11.5.1.202201181444/tools/bin/../lib/gcc/arm-none-eabi/10.3.1/../../../../arm-none-eabi/lib/thumb/v6-m/nofp/libcr_c.a(_do_fflush.o)
 .ARM.attributes
                0x0000000000000764       0x1c /usr/local/mcuxpressoide-11.5.1_7266/ide/plugins/com.nxp.mcuxpresso.tools.linux_11.5.1.202201181444/tools/bin/../lib/gcc/arm-none-eabi/10.3.1/thumb/v6-m/nofp/libcr_eabihelpers.a(division_32.o)
 .ARM.attributes
                0x0000000000000780       0x1c /usr/local/mcuxpressoide-11.5.1_7266/ide/plugins/com.nxp.mcuxpresso.tools.linux_11.5.1.202201181444/tools/bin/../lib/gcc/arm-none-eabi/10.3.1/thumb/v6-m/nofp/libcr_eabihelpers.a(division_idiv0.o)
 .ARM.attributes
                0x000000000000079c       0x2c /usr/local/mcuxpressoide-11.5.1_7266/ide/plugins/com.nxp.mcuxpresso.tools.linux_11.5.1.202201181444/tools/bin/../lib/gcc/arm-none-eabi/10.3.1/thumb/v6-m/nofp/libcr_eabihelpers.a(double.o)
 .ARM.attributes
                0x00000000000007c8       0x1c /usr/local/mcuxpressoide-11.5.1_7266/ide/plugins/com.nxp.mcuxpresso.tools.linux_11.5.1.202201181444/tools/bin/../lib/gcc/arm-none-eabi/10.3.1/thumb/v6-m/nofp/libcr_eabihelpers.a(llong.o)
 .ARM.attributes
                0x00000000000007e4       0x1c /usr/local/mcuxpressoide-11.5.1_7266/ide/plugins/com.nxp.mcuxpresso.tools.linux_11.5.1.202201181444/tools/bin/../lib/gcc/arm-none-eabi/10.3.1/thumb/v6-m/nofp/libcr_eabihelpers.a(memcpy.o)
 .ARM.attributes
                0x0000000000000800       0x1c /usr/local/mcuxpressoide-11.5.1_7266/ide/plugins/com.nxp.mcuxpresso.tools.linux_11.5.1.202201181444/tools/bin/../lib/gcc/arm-none-eabi/10.3.1/../../../../arm-none-eabi/lib/thumb/v6-m/nofp/libcr_semihost_nf.a(__sys_close.o)
 .ARM.attributes
                0x000000000000081c       0x1c /usr/local/mcuxpressoide-11.5.1_7266/ide/plugins/com.nxp.mcuxpresso.tools.linux_11.5.1.202201181444/tools/bin/../lib/gcc/arm-none-eabi/10.3.1/../../../../arm-none-eabi/lib/thumb/v6-m/nofp/libcr_semihost_nf.a(__sys_flen.o)
 .ARM.attributes
                0x0000000000000838       0x1c /usr/local/mcuxpressoide-11.5.1_7266/ide/plugins/com.nxp.mcuxpresso.tools.linux_11.5.1.202201181444/tools/bin/../lib/gcc/arm-none-eabi/10.3.1/../../../../arm-none-eabi/lib/thumb/v6-m/nofp/libcr_semihost_nf.a(__sys_istty.o)
 .ARM.attributes
                0x0000000000000854       0x1c /usr/local/mcuxpressoide-11.5.1_7266/ide/plugins/com.nxp.mcuxpresso.tools.linux_11.5.1.202201181444/tools/bin/../lib/gcc/arm-none-eabi/10.3.1/../../../../arm-none-eabi/lib/thumb/v6-m/nofp/libcr_semihost_nf.a(__sys_remove.o)
 .ARM.attributes
                0x0000000000000870       0x1c /usr/local/mcuxpressoide-11.5.1_7266/ide/plugins/com.nxp.mcuxpresso.tools.linux_11.5.1.202201181444/tools/bin/../lib/gcc/arm-none-eabi/10.3.1/../../../../arm-none-eabi/lib/thumb/v6-m/nofp/libcr_semihost_nf.a(__sys_seek.o)
 .ARM.attributes
                0x000000000000088c       0x1c /usr/local/mcuxpressoide-11.5.1_7266/ide/plugins/com.nxp.mcuxpresso.tools.linux_11.5.1.202201181444/tools/bin/../lib/gcc/arm-none-eabi/10.3.1/../../../../arm-none-eabi/lib/thumb/v6-m/nofp/libcr_semihost_nf.a(__sys_tmpnam.o)
 .ARM.attributes
                0x00000000000008a8       0x1c /usr/local/mcuxpressoide-11.5.1_7266/ide/plugins/com.nxp.mcuxpresso.tools.linux_11.5.1.202201181444/tools/bin/../lib/gcc/arm-none-eabi/10.3.1/../../../../arm-none-eabi/lib/thumb/v6-m/nofp/libcr_semihost_nf.a(__sys_write.o)

.debug_frame    0x0000000000000000     0x2aa0
 .debug_frame   0x0000000000000000      0x3b0 ./startup/startup_mkl46z4.o
 .debug_frame   0x00000000000003b0       0xa8 ./source/kl46z_api/clock.o
 .debug_frame   0x0000000000000458       0x8c ./source/kl46z_api/delay.o
 .debug_frame   0x00000000000004e4       0xa4 ./source/kl46z_api/drivers.o
 .debug_frame   0x0000000000000588       0x90 ./source/kl46z_api/gpio.o
 .debug_frame   0x0000000000000618      0x370 ./source/kl46z_api/lcd.o
 .debug_frame   0x0000000000000988      0x110 ./source/kl46z_api/port.o
 .debug_frame   0x0000000000000a98      0x118 ./source/main_baremetal.o
 .debug_frame   0x0000000000000bb0       0x20 ./source/semihost_hardfault.o
 .debug_frame   0x0000000000000bd0      0x6e0 ./drivers/fsl_clock.o
 .debug_frame   0x00000000000012b0      0x58c ./drivers/fsl_i2c.o
 .debug_frame   0x000000000000183c      0x414 ./drivers/fsl_lpsci.o
 .debug_frame   0x0000000000001c50      0x464 ./drivers/fsl_uart.o
 .debug_frame   0x00000000000020b4      0x158 ./amazon-freertos/FreeRTOS/portable/port.o
 .debug_frame   0x000000000000220c       0xb0 ./amazon-freertos/FreeRTOS/list.o
 .debug_frame   0x00000000000022bc      0x77c ./amazon-freertos/FreeRTOS/tasks.o
 .debug_frame   0x0000000000002a38       0x68 ./CMSIS/system_MKL46Z4.o

Cross Reference Table

Symbol                                            File
ADC0_DriverIRQHandler                             ./startup/startup_mkl46z4.o
ADC0_IRQHandler                                   ./startup/startup_mkl46z4.o
ADC16_ClearStatusFlags                            ./drivers/fsl_adc16.o
ADC16_Deinit                                      ./drivers/fsl_adc16.o
ADC16_DoAutoCalibration                           ./drivers/fsl_adc16.o
ADC16_GetChannelStatusFlags                       ./drivers/fsl_adc16.o
ADC16_GetDefaultConfig                            ./drivers/fsl_adc16.o
ADC16_GetStatusFlags                              ./drivers/fsl_adc16.o
ADC16_Init                                        ./drivers/fsl_adc16.o
ADC16_SetChannelConfig                            ./drivers/fsl_adc16.o
ADC16_SetChannelMuxMode                           ./drivers/fsl_adc16.o
ADC16_SetHardwareAverage                          ./drivers/fsl_adc16.o
ADC16_SetHardwareCompareConfig                    ./drivers/fsl_adc16.o
BOARD_BootClockRUN                                ./board/clock_config.o
BOARD_BootClockVLPR                               ./board/clock_config.o
BOARD_InitBootClocks                              ./board/clock_config.o
BOARD_InitBootPeripherals                         ./board/peripherals.o
BOARD_InitBootPins                                ./board/pin_mux.o
BOARD_InitDebugConsole                            ./board/board.o
BOARD_InitPins                                    ./board/pin_mux.o
CLOCK_BootToBlpeMode                              ./drivers/fsl_clock.o
CLOCK_BootToBlpiMode                              ./drivers/fsl_clock.o
                                                  ./board/clock_config.o
CLOCK_BootToFeeMode                               ./drivers/fsl_clock.o
CLOCK_BootToFeiMode                               ./drivers/fsl_clock.o
CLOCK_BootToPeeMode                               ./drivers/fsl_clock.o
                                                  ./board/clock_config.o
CLOCK_CalcPllDiv                                  ./drivers/fsl_clock.o
CLOCK_ClearStatusFlags                            ./drivers/fsl_clock.o
CLOCK_DeinitOsc0                                  ./drivers/fsl_clock.o
CLOCK_EnablePll0                                  ./drivers/fsl_clock.o
CLOCK_EnableUsbfs0Clock                           ./drivers/fsl_clock.o
CLOCK_ExternalModeToFbeModeQuick                  ./drivers/fsl_clock.o
CLOCK_GetBusClkFreq                               ./drivers/fsl_clock.o
CLOCK_GetCoreSysClkFreq                           ./drivers/fsl_clock.o
                                                  ./source/kl46z_api/delay.o
CLOCK_GetEr32kClkFreq                             ./drivers/fsl_clock.o
CLOCK_GetFixedFreqClkFreq                         ./drivers/fsl_clock.o
CLOCK_GetFlashClkFreq                             ./drivers/fsl_clock.o
CLOCK_GetFllFreq                                  ./drivers/fsl_clock.o
CLOCK_GetFreq                                     ./drivers/fsl_clock.o
CLOCK_GetInternalRefClkFreq                       ./drivers/fsl_clock.o
CLOCK_GetMode                                     ./drivers/fsl_clock.o
CLOCK_GetOsc0ErClkFreq                            ./drivers/fsl_clock.o
CLOCK_GetOutClkFreq                               ./drivers/fsl_clock.o
CLOCK_GetPlatClkFreq                              ./drivers/fsl_clock.o
CLOCK_GetPll0Freq                                 ./drivers/fsl_clock.o
CLOCK_GetPllFllSelClkFreq                         ./drivers/fsl_clock.o
                                                  ./board/board.o
CLOCK_GetStatusFlags                              ./drivers/fsl_clock.o
CLOCK_InitOsc0                                    ./drivers/fsl_clock.o
                                                  ./board/clock_config.o
CLOCK_InternalModeToFbiModeQuick                  ./drivers/fsl_clock.o
CLOCK_SetBlpeMode                                 ./drivers/fsl_clock.o
CLOCK_SetBlpiMode                                 ./drivers/fsl_clock.o
CLOCK_SetExternalRefClkConfig                     ./drivers/fsl_clock.o
CLOCK_SetFbeMode                                  ./drivers/fsl_clock.o
CLOCK_SetFbiMode                                  ./drivers/fsl_clock.o
CLOCK_SetFeeMode                                  ./drivers/fsl_clock.o
CLOCK_SetFeiMode                                  ./drivers/fsl_clock.o
CLOCK_SetInternalRefClkConfig                     ./drivers/fsl_clock.o
                                                  ./board/clock_config.o
CLOCK_SetMcgConfig                                ./drivers/fsl_clock.o
CLOCK_SetOsc0MonitorMode                          ./drivers/fsl_clock.o
CLOCK_SetPbeMode                                  ./drivers/fsl_clock.o
CLOCK_SetPeeMode                                  ./drivers/fsl_clock.o
CLOCK_SetPll0MonitorMode                          ./drivers/fsl_clock.o
CLOCK_SetSimConfig                                ./drivers/fsl_clock.o
                                                  ./board/clock_config.o
CLOCK_TrimInternalRefClk                          ./drivers/fsl_clock.o
CMP0_DriverIRQHandler                             ./startup/startup_mkl46z4.o
CMP0_IRQHandler                                   ./startup/startup_mkl46z4.o
DAC0_DriverIRQHandler                             ./startup/startup_mkl46z4.o
DAC0_IRQHandler                                   ./startup/startup_mkl46z4.o
DMA0_DriverIRQHandler                             ./startup/startup_mkl46z4.o
DMA0_IRQHandler                                   ./startup/startup_mkl46z4.o
DMA1_DriverIRQHandler                             ./startup/startup_mkl46z4.o
DMA1_IRQHandler                                   ./startup/startup_mkl46z4.o
DMA2_DriverIRQHandler                             ./startup/startup_mkl46z4.o
DMA2_IRQHandler                                   ./startup/startup_mkl46z4.o
DMA3_DriverIRQHandler                             ./startup/startup_mkl46z4.o
DMA3_IRQHandler                                   ./startup/startup_mkl46z4.o
DbgConsole_Deinit                                 ./utilities/fsl_debug_console.o
DbgConsole_Flush                                  ./utilities/fsl_debug_console.o
DbgConsole_Init                                   ./utilities/fsl_debug_console.o
                                                  ./board/board.o
Delay_Init                                        ./source/kl46z_api/delay.o
                                                  ./source/main_baremetal.o
Delay_WaitCycles                                  ./source/kl46z_api/delay.o
                                                  ./source/kl46z_api/lcd.o
Delay_Waitms                                      ./source/kl46z_api/delay.o
                                                  ./source/main_baremetal.o
                                                  ./source/kl46z_api/lcd.o
EmbUtil_AtoF                                      ./source/kl46z_api/emb_util.o
EmbUtil_AtoI                                      ./source/kl46z_api/emb_util.o
EmbUtil_CharCat                                   ./source/kl46z_api/emb_util.o
EmbUtil_FloorSqrt                                 ./source/kl46z_api/emb_util.o
EmbUtil_GetValue16LE                              ./source/kl46z_api/emb_util.o
EmbUtil_GetValue24LE                              ./source/kl46z_api/emb_util.o
EmbUtil_GetValue32LE                              ./source/kl46z_api/emb_util.o
EmbUtil_IntPow                                    ./source/kl46z_api/emb_util.o
EmbUtil_ItoA                                      ./source/kl46z_api/emb_util.o
EmbUtil_Map                                       ./source/kl46z_api/emb_util.o
EmbUtil_ReverseStr                                ./source/kl46z_api/emb_util.o
EmbUtil_SetValue16LE                              ./source/kl46z_api/emb_util.o
EmbUtil_SetValue24LE                              ./source/kl46z_api/emb_util.o
EmbUtil_SetValue32LE                              ./source/kl46z_api/emb_util.o
EmbUtil_StrCat                                    ./source/kl46z_api/emb_util.o
EmbUtil_StrCopy                                   ./source/kl46z_api/emb_util.o
EmbUtil_StrFind                                   ./source/kl46z_api/emb_util.o
FGPIO_PinInit                                     ./drivers/fsl_gpio.o
FGPIO_PortClearInterruptFlags                     ./drivers/fsl_gpio.o
FGPIO_PortGetInterruptFlags                       ./drivers/fsl_gpio.o
FLASH_Erase                                       ./drivers/fsl_ftfx_flash.o
FLASH_EraseAll                                    ./drivers/fsl_ftfx_flash.o
FLASH_GetProperty                                 ./drivers/fsl_ftfx_flash.o
FLASH_GetSecurityState                            ./drivers/fsl_ftfx_flash.o
FLASH_Init                                        ./drivers/fsl_ftfx_flash.o
FLASH_IsExecuteOnly                               ./drivers/fsl_ftfx_flash.o
FLASH_IsProtected                                 ./drivers/fsl_ftfx_flash.o
FLASH_PflashGetProtection                         ./drivers/fsl_ftfx_flash.o
FLASH_PflashSetProtection                         ./drivers/fsl_ftfx_flash.o
FLASH_Program                                     ./drivers/fsl_ftfx_flash.o
FLASH_ReadResource                                ./drivers/fsl_ftfx_flash.o
FLASH_SecurityBypass                              ./drivers/fsl_ftfx_flash.o
FLASH_VerifyErase                                 ./drivers/fsl_ftfx_flash.o
FLASH_VerifyEraseAll                              ./drivers/fsl_ftfx_flash.o
FLASH_VerifyProgram                               ./drivers/fsl_ftfx_flash.o
FTFA_DriverIRQHandler                             ./startup/startup_mkl46z4.o
FTFA_IRQHandler                                   ./startup/startup_mkl46z4.o
FTFx_API_Init                                     ./drivers/fsl_ftfx_controller.o
                                                  ./drivers/fsl_ftfx_flash.o
FTFx_CACHE_ClearCachePrefetchSpeculation          ./drivers/fsl_ftfx_cache.o
FTFx_CACHE_Init                                   ./drivers/fsl_ftfx_cache.o
FTFx_CACHE_PflashGetPrefetchSpeculation           ./drivers/fsl_ftfx_cache.o
FTFx_CACHE_PflashSetPrefetchSpeculation           ./drivers/fsl_ftfx_cache.o
                                                  ./drivers/fsl_smc.o
FTFx_CMD_Erase                                    ./drivers/fsl_ftfx_controller.o
                                                  ./drivers/fsl_ftfx_flash.o
FTFx_CMD_EraseAll                                 ./drivers/fsl_ftfx_controller.o
                                                  ./drivers/fsl_ftfx_flash.o
FTFx_CMD_EraseAllExecuteOnlySegments              ./drivers/fsl_ftfx_controller.o
FTFx_CMD_Program                                  ./drivers/fsl_ftfx_controller.o
                                                  ./drivers/fsl_ftfx_flash.o
FTFx_CMD_ProgramOnce                              ./drivers/fsl_ftfx_controller.o
FTFx_CMD_ReadOnce                                 ./drivers/fsl_ftfx_controller.o
FTFx_CMD_ReadResource                             ./drivers/fsl_ftfx_controller.o
                                                  ./drivers/fsl_ftfx_flash.o
FTFx_CMD_SecurityBypass                           ./drivers/fsl_ftfx_controller.o
                                                  ./drivers/fsl_ftfx_flash.o
FTFx_CMD_VerifyErase                              ./drivers/fsl_ftfx_controller.o
                                                  ./drivers/fsl_ftfx_flash.o
FTFx_CMD_VerifyEraseAll                           ./drivers/fsl_ftfx_controller.o
                                                  ./drivers/fsl_ftfx_flash.o
FTFx_CMD_VerifyEraseAllExecuteOnlySegments        ./drivers/fsl_ftfx_controller.o
FTFx_CMD_VerifyProgram                            ./drivers/fsl_ftfx_controller.o
                                                  ./drivers/fsl_ftfx_flash.o
FTFx_REG_GetSecurityState                         ./drivers/fsl_ftfx_controller.o
                                                  ./drivers/fsl_ftfx_flash.o
Flash_Config                                      ./startup/startup_mkl46z4.o
GPIO_PinInit                                      ./drivers/fsl_gpio.o
GPIO_PortClearInterruptFlags                      ./drivers/fsl_gpio.o
GPIO_PortGetInterruptFlags                        ./drivers/fsl_gpio.o
HardFault_Handler                                 ./source/semihost_hardfault.o
                                                  ./startup/startup_mkl46z4.o
I2C0_DriverIRQHandler                             ./drivers/fsl_i2c.o