../source/kl46z_api/emb_util.c:10:6:EmbUtil_StrCopy	24	static
../source/kl46z_api/emb_util.c:24:6:EmbUtil_StrCat	24	static
../source/kl46z_api/emb_util.c:47:6:EmbUtil_CharCat	24	static
../source/kl46z_api/emb_util.c:65:6:EmbUtil_ReverseStr	40	static
../source/kl46z_api/emb_util.c:80:9:EmbUtil_StrFind	24	static
../source/kl46z_api/emb_util.c:95:5:EmbUtil_ItoA	40	static
../source/kl46z_api/emb_util.c:153:6:EmbUtil_AtoI	24	static
../source/kl46z_api/emb_util.c:234:5:embUtil_FtoA	48	static
../source/kl46z_api/emb_util.c:267:6:EmbUtil_AtoF	48	static
../source/kl46z_api/emb_util.c:314:9:EmbUtil_Map	24	static
../source/kl46z_api/emb_util.c:321:5:EmbUtil_FloorSqrt	24	static
../source/kl46z_api/emb_util.c:340:5:EmbUtil_IntPow	24	static
../source/kl46z_api/emb_util.c:358:10:EmbUtil_GetValue16LE	16	static
../source/kl46z_api/emb_util.c:365:10:EmbUtil_GetValue24LE	16	static
../source/kl46z_api/emb_util.c:372:10:EmbUtil_GetValue32LE	16	static
../source/kl46z_api/emb_util.c:379:6:EmbUtil_SetValue16LE	16	static
../source/kl46z_api/emb_util.c:387:6:EmbUtil_SetValue24LE	16	static
../source/kl46z_api/emb_util.c:396:6:EmbUtil_SetValue32LE	16	static
