../source/kl46z_api/lcd.c:224:14:CreateObject	24	static
../source/kl46z_api/lcd.c:271:14:LCD_CreateConfig	8	static
../source/kl46z_api/lcd.c:277:13:EnablePulse	16	static
../source/kl46z_api/lcd.c:288:13:SetRowOffsets	16	static
../source/kl46z_api/lcd.c:297:13:LCD_Init	24	static
../source/kl46z_api/lcd.c:384:6:LCD_Clear	16	static
../source/kl46z_api/lcd.c:395:6:LCD_Home	16	static
../source/kl46z_api/lcd.c:406:6:LCD_SetCursor	24	static
../source/kl46z_api/lcd.c:431:6:LCD_NoDisplay	24	static
../source/kl46z_api/lcd.c:443:6:LCD_Display	24	static
../source/kl46z_api/lcd.c:456:6:LCD_NoCursor	24	static
../source/kl46z_api/lcd.c:468:6:LCD_Cursor	24	static
../source/kl46z_api/lcd.c:481:6:LCD_NoBlink	24	static
../source/kl46z_api/lcd.c:493:6:LCD_Blink	24	static
../source/kl46z_api/lcd.c:506:6:LCD_ScrollDisplayLeft	16	static
../source/kl46z_api/lcd.c:516:6:LCD_ScrollDisplayRight	16	static
../source/kl46z_api/lcd.c:527:6:LCD_LeftToRight	24	static
../source/kl46z_api/lcd.c:540:6:LCD_RightToLeft	24	static
../source/kl46z_api/lcd.c:553:6:LCD_Autoscroll	24	static
../source/kl46z_api/lcd.c:566:6:LCD_NoAutoscroll	24	static
../source/kl46z_api/lcd.c:580:6:LCD_CreateChar	32	static
../source/kl46z_api/lcd.c:595:6:LCD_WriteString	16	static
../source/kl46z_api/lcd.c:609:6:LCD_CreateBigNumsChars	32	static
../source/kl46z_api/lcd.c:620:6:LCD_WriteBigNum	16	static
../source/kl46z_api/lcd.c:632:13:LCD_Command	24	static
../source/kl46z_api/lcd.c:645:13:LCD_Write	24	static
../source/kl46z_api/lcd.c:661:13:WriteBits	24	static
